<html>
<body>
<pre>
<h1>µVision Build Log</h1>
<h2>Tool Versions:</h2>
IDE-Version: ¦ÌVision V5.36.0.0
Copyright (C) 2021 ARM Ltd and ARM Germany GmbH. All rights reserved.
License Information: a tang peng, a, LIC=ATTQ1-CTIYJ-HLDCL-09C6L-KDDAB-32KEC
 
Tool Versions:
Toolchain:       MDK-ARM Plus  Version: 5.36.0.0
Toolchain Path:  D:\MDK5.36\ARM\ARMCC\Bin
C Compiler:      Armcc.exe V5.06 update 7 (build 960)
Assembler:       Armasm.exe V5.06 update 7 (build 960)
Linker/Locator:  ArmLink.exe V5.06 update 7 (build 960)
Library Manager: ArmAr.exe V5.06 update 7 (build 960)
Hex Converter:   FromElf.exe V5.06 update 7 (build 960)
CPU DLL:         SARMCM3.DLL V5.36.0.0
Dialog DLL:      DARMSTM.DLL V1.68.0.0
Target DLL:      STLink\ST-LINKIII-KEIL_SWO.dll V3.0.9.0
Dialog DLL:      TARMSTM.DLL V1.66.0.0
 
<h2>Project:</h2>
C:\Users\tang peng\Desktop\³ÌÐò\canopen_slave_test_receive_f103\USER\CAN.uvprojx
Project File Date:  05/15/2024

<h2>Output:</h2>
*** Using Compiler 'V5.06 update 7 (build 960)', folder: 'D:\MDK5.36\ARM\ARMCC\Bin'
Rebuild target 'CAN'
assembling startup_stm32f10x_hd.s...
compiling led.c...
compiling usart.c...
compiling stm32f10x_it.c...
compiling delay.c...
compiling system_stm32f10x.c...
compiling misc.c...
compiling core_cm3.c...
compiling key.c...
compiling main.c...
main.c(39): warning:  #177-D: variable "abortCode"  was declared but never referenced
  	   unsigned long abortCode=0;
main.c(48): warning:  #177-D: variable "RXMessage"  was declared but never referenced
  	 CanRxMsg  RXMessage;
main.c: 2 warnings, 0 errors
compiling lcd.c...
compiling sys.c...
compiling stm32f10x_fsmc.c...
compiling stm32f10x_rcc.c...
compiling stm32f10x_bkp.c...
compiling stm32f10x_gpio.c...
compiling stm32f10x_cec.c...
compiling stm32f10x_can.c...
compiling stm32f10x_crc.c...
compiling stm32f10x_usart.c...
compiling stm32f10x_adc.c...
compiling stm32f10x_dac.c...
compiling stm32f10x_dbgmcu.c...
compiling stm32f10x_exti.c...
compiling stm32f10x_dma.c...
compiling stm32f10x_iwdg.c...
compiling stm32f10x_flash.c...
compiling stm32f10x_i2c.c...
compiling stm32f10x_rtc.c...
compiling stm32f10x_pwr.c...
compiling stm32f10x_sdio.c...
compiling stm32f10x_spi.c...
compiling stm32f10x_wwdg.c...
compiling stm32f10x_tim.c...
compiling dcf.c...
compiling emcy.c...
compiling lifegrd.c...
compiling lss.c...
compiling nmtMaster.c...
compiling nmtSlave.c...
compiling objacces.c...
compiling states.c...
compiling sync.c...
compiling pdo.c...
compiling timer.c...
compiling canfestival_can.c...
compiling canfestival_master.c...
compiling canfestival_timer.c...
compiling sdo.c...
linking...
Program Size: Code=36228 RO-data=576 RW-data=1424 ZI-data=2024  
FromELF: creating hex file...
"..\OBJ\CAN.axf" - 0 Error(s), 2 Warning(s).

<h2>Software Packages used:</h2>

Package Vendor: Keil
                http://www.keil.com/pack/Keil.STM32F1xx_DFP.2.3.0.pack
                Keil.STM32F1xx_DFP.2.3.0
                STMicroelectronics STM32F1 Series Device Support, Drivers and Examples

<h2>Collection of Component include folders:</h2>
  D:\MDK5.36\Packs\Keil\STM32F1xx_DFP\2.3.0\Device\Include

<h2>Collection of Component Files used:</h2>
Build Time Elapsed:  00:00:04
</pre>
</body>
</html>
