Component: ARM Compiler 5.06 update 7 (build 960) Tool: armlink [4d3601]

==============================================================================

Section Cross References

    main.o(.text) refers to _printf_percent.o(.ARM.Collect$$_printf_percent$$00000000) for _printf_percent
    main.o(.text) refers to _printf_s.o(.ARM.Collect$$_printf_percent$$00000014) for _printf_s
    main.o(.text) refers to _printf_str.o(.text) for _printf_str
    main.o(.text) refers to misc.o(.text) for NVIC_PriorityGroupConfig
    main.o(.text) refers to delay.o(.text) for delay_init
    main.o(.text) refers to usart.o(.text) for uart_init
    main.o(.text) refers to canfestival_timer.o(.text) for TIMConfig
    main.o(.text) refers to canfestival_can.o(.text) for CANOpen_can_config
    main.o(.text) refers to states.o(.text) for setNodeId
    main.o(.text) refers to noretval__2printf.o(.text) for __2printf
    main.o(.text) refers to sdo.o(.text) for writeNetworkDict
    main.o(.text) refers to canfestival_master.o(.data) for slave1_Data
    system_stm32f10x.o(.text) refers to system_stm32f10x.o(.data) for SystemCoreClock
    led.o(.text) refers to stm32f10x_rcc.o(.text) for RCC_APB2PeriphClockCmd
    led.o(.text) refers to stm32f10x_gpio.o(.text) for GPIO_Init
    key.o(.text) refers to stm32f10x_rcc.o(.text) for RCC_APB2PeriphClockCmd
    key.o(.text) refers to stm32f10x_gpio.o(.text) for GPIO_Init
    key.o(.text) refers to delay.o(.text) for delay_ms
    key.o(.text) refers to key.o(.data) for key_up
    lcd.o(.text) refers to _printf_percent.o(.ARM.Collect$$_printf_percent$$00000000) for _printf_percent
    lcd.o(.text) refers to _printf_x.o(.ARM.Collect$$_printf_percent$$0000000C) for _printf_x
    lcd.o(.text) refers to _printf_hex_int.o(.text) for _printf_longlong_hex
    lcd.o(.text) refers to delay.o(.text) for delay_us
    lcd.o(.text) refers to lcd.o(.bss) for lcddev
    lcd.o(.text) refers to dflt_clz.o(x$fpl$dfltu) for __aeabi_ui2d
    lcd.o(.text) refers to dmul.o(x$fpl$dmul) for __aeabi_dmul
    lcd.o(.text) refers to dfixu.o(x$fpl$dfixu) for __aeabi_d2uiz
    lcd.o(.text) refers to lcd.o(.data) for POINT_COLOR
    lcd.o(.text) refers to stm32f10x_rcc.o(.text) for RCC_AHBPeriphClockCmd
    lcd.o(.text) refers to stm32f10x_gpio.o(.text) for GPIO_Init
    lcd.o(.text) refers to stm32f10x_fsmc.o(.text) for FSMC_NORSRAMInit
    lcd.o(.text) refers to noretval__2printf.o(.text) for __2printf
    lcd.o(.text) refers to lcd.o(.constdata) for asc2_1206
    delay.o(.text) refers to misc.o(.text) for SysTick_CLKSourceConfig
    delay.o(.text) refers to system_stm32f10x.o(.data) for SystemCoreClock
    delay.o(.text) refers to delay.o(.data) for fac_us
    usart.o(.text) refers (Special) to use_no_semi_2.o(.text) for __use_no_semihosting
    usart.o(.text) refers to stm32f10x_rcc.o(.text) for RCC_APB2PeriphClockCmd
    usart.o(.text) refers to stm32f10x_gpio.o(.text) for GPIO_Init
    usart.o(.text) refers to misc.o(.text) for NVIC_Init
    usart.o(.text) refers to stm32f10x_usart.o(.text) for USART_Init
    usart.o(.text) refers to usart.o(.data) for USART_RX_STA
    usart.o(.text) refers to usart.o(.bss) for USART_RX_BUF
    usart.o(.bss) refers (Special) to use_no_semi_2.o(.text) for __use_no_semihosting
    usart.o(.data) refers (Special) to use_no_semi_2.o(.text) for __use_no_semihosting
    startup_stm32f10x_hd.o(STACK) refers (Special) to heapauxi.o(.text) for __use_two_region_memory
    startup_stm32f10x_hd.o(HEAP) refers (Special) to heapauxi.o(.text) for __use_two_region_memory
    startup_stm32f10x_hd.o(RESET) refers (Special) to heapauxi.o(.text) for __use_two_region_memory
    startup_stm32f10x_hd.o(RESET) refers to startup_stm32f10x_hd.o(STACK) for __initial_sp
    startup_stm32f10x_hd.o(RESET) refers to startup_stm32f10x_hd.o(.text) for Reset_Handler
    startup_stm32f10x_hd.o(RESET) refers to stm32f10x_it.o(.text) for NMI_Handler
    startup_stm32f10x_hd.o(RESET) refers to canfestival_can.o(.text) for USB_LP_CAN1_RX0_IRQHandler
    startup_stm32f10x_hd.o(RESET) refers to canfestival_timer.o(.text) for TIM3_IRQHandler
    startup_stm32f10x_hd.o(RESET) refers to usart.o(.text) for USART1_IRQHandler
    startup_stm32f10x_hd.o(.text) refers (Special) to heapauxi.o(.text) for __use_two_region_memory
    startup_stm32f10x_hd.o(.text) refers to system_stm32f10x.o(.text) for SystemInit
    startup_stm32f10x_hd.o(.text) refers to __main.o(!!!main) for __main
    startup_stm32f10x_hd.o(.text) refers to startup_stm32f10x_hd.o(HEAP) for Heap_Mem
    startup_stm32f10x_hd.o(.text) refers to startup_stm32f10x_hd.o(STACK) for Stack_Mem
    stm32f10x_gpio.o(.text) refers to stm32f10x_rcc.o(.text) for RCC_APB2PeriphResetCmd
    stm32f10x_rcc.o(.text) refers to stm32f10x_rcc.o(.data) for APBAHBPrescTable
    stm32f10x_can.o(.text) refers to stm32f10x_rcc.o(.text) for RCC_APB1PeriphResetCmd
    stm32f10x_usart.o(.text) refers to stm32f10x_rcc.o(.text) for RCC_APB2PeriphResetCmd
[...]
    dc.s                                     0x00000000   Number         0  dc.o ABSOLUTE
    main.c                                   0x00000000   Number         0  main.o ABSOLUTE
    stm32f10x_it.c                           0x00000000   Number         0  stm32f10x_it.o ABSOLUTE
    system_stm32f10x.c                       0x00000000   Number         0  system_stm32f10x.o ABSOLUTE
    RESET                                    0x08000000   Section      304  startup_stm32f10x_hd.o(RESET)
    !!!main                                  0x08000130   Section        8  __main.o(!!!main)
    !!!scatter                               0x08000138   Section       52  __scatter.o(!!!scatter)
    !!dczerorl2                              0x0800016c   Section       90  __dczerorl2.o(!!dczerorl2)
    !!handler_zi                             0x080001c8   Section       28  __scatter_zi.o(!!handler_zi)
    .ARM.Collect$$_printf_percent$$00000000  0x080001e4   Section        0  _printf_percent.o(.ARM.Collect$$_printf_percent$$00000000)
    .ARM.Collect$$_printf_percent$$00000009  0x080001e4   Section        6  _printf_d.o(.ARM.Collect$$_printf_percent$$00000009)
    .ARM.Collect$$_printf_percent$$0000000C  0x080001ea   Section        6  _printf_x.o(.ARM.Collect$$_printf_percent$$0000000C)
    .ARM.Collect$$_printf_percent$$00000014  0x080001f0   Section        6  _printf_s.o(.ARM.Collect$$_printf_percent$$00000014)
    .ARM.Collect$$_printf_percent$$00000017  0x080001f6   Section        4  _printf_percent_end.o(.ARM.Collect$$_printf_percent$$00000017)
    .ARM.Collect$$libinit$$00000000          0x080001fa   Section        2  libinit.o(.ARM.Collect$$libinit$$00000000)
    .ARM.Collect$$libinit$$00000002          0x080001fc   Section        0  libinit2.o(.ARM.Collect$$libinit$$00000002)
    .ARM.Collect$$libinit$$00000004          0x080001fc   Section        0  libinit2.o(.ARM.Collect$$libinit$$00000004)
    .ARM.Collect$$libinit$$0000000A          0x080001fc   Section        0  libinit2.o(.ARM.Collect$$libinit$$0000000A)
    .ARM.Collect$$libinit$$0000000C          0x080001fc   Section        0  libinit2.o(.ARM.Collect$$libinit$$0000000C)
    .ARM.Collect$$libinit$$0000000E          0x080001fc   Section        0  libinit2.o(.ARM.Collect$$libinit$$0000000E)
    .ARM.Collect$$libinit$$00000011          0x080001fc   Section        0  libinit2.o(.ARM.Collect$$libinit$$00000011)
    .ARM.Collect$$libinit$$00000013          0x080001fc   Section        0  libinit2.o(.ARM.Collect$$libinit$$00000013)
    .ARM.Collect$$libinit$$00000015          0x080001fc   Section        0  libinit2.o(.ARM.Collect$$libinit$$00000015)
    .ARM.Collect$$libinit$$00000017          0x080001fc   Section        0  libinit2.o(.ARM.Collect$$libinit$$00000017)
    .ARM.Collect$$libinit$$00000019          0x080001fc   Section        0  libinit2.o(.ARM.Collect$$libinit$$00000019)
    .ARM.Collect$$libinit$$0000001B          0x080001fc   Section        0  libinit2.o(.ARM.Collect$$libinit$$0000001B)
    .ARM.Collect$$libinit$$0000001D          0x080001fc   Section        0  libinit2.o(.ARM.Collect$$libinit$$0000001D)
    .ARM.Collect$$libinit$$0000001F          0x080001fc   Section        0  libinit2.o(.ARM.Collect$$libinit$$0000001F)
    .ARM.Collect$$libinit$$00000021          0x080001fc   Section        0  libinit2.o(.ARM.Collect$$libinit$$00000021)
    .ARM.Collect$$libinit$$00000023          0x080001fc   Section        0  libinit2.o(.ARM.Collect$$libinit$$00000023)
    .ARM.Collect$$libinit$$00000025          0x080001fc   Section        0  libinit2.o(.ARM.Collect$$libinit$$00000025)
    .ARM.Collect$$libinit$$0000002C          0x080001fc   Section        0  libinit2.o(.ARM.Collect$$libinit$$0000002C)
    .ARM.Collect$$libinit$$0000002E          0x080001fc   Section        0  libinit2.o(.ARM.Collect$$libinit$$0000002E)
    .ARM.Collect$$libinit$$00000030          0x080001fc   Section        0  libinit2.o(.ARM.Collect$$libinit$$00000030)
    .ARM.Collect$$libinit$$00000032          0x080001fc   Section        0  libinit2.o(.ARM.Collect$$libinit$$00000032)
    .ARM.Collect$$libinit$$00000033          0x080001fc   Section        2  libinit2.o(.ARM.Collect$$libinit$$00000033)
    .ARM.Collect$$libshutdown$$00000000      0x080001fe   Section        2  libshutdown.o(.ARM.Collect$$libshutdown$$00000000)
    .ARM.Collect$$libshutdown$$00000002      0x08000200   Section        0  libshutdown2.o(.ARM.Collect$$libshutdown$$00000002)
    .ARM.Collect$$libshutdown$$00000004      0x08000200   Section        0  libshutdown2.o(.ARM.Collect$$libshutdown$$00000004)
    .ARM.Collect$$libshutdown$$00000006      0x08000200   Section        0  libshutdown2.o(.ARM.Collect$$libshutdown$$00000006)
    .ARM.Collect$$libshutdown$$00000009      0x08000200   Section        0  libshutdown2.o(.ARM.Collect$$libshutdown$$00000009)
    .ARM.Collect$$libshutdown$$0000000C      0x08000200   Section        0  libshutdown2.o(.ARM.Collect$$libshutdown$$0000000C)
    .ARM.Collect$$libshutdown$$0000000E      0x08000200   Section        0  libshutdown2.o(.ARM.Collect$$libshutdown$$0000000E)
    .ARM.Collect$$libshutdown$$00000011      0x08000200   Section        0  libshutdown2.o(.ARM.Collect$$libshutdown$$00000011)
    .ARM.Collect$$libshutdown$$00000012      0x08000200   Section        2  libshutdown2.o(.ARM.Collect$$libshutdown$$00000012)
    .ARM.Collect$$rtentry$$00000000          0x08000202   Section        0  __rtentry.o(.ARM.Collect$$rtentry$$00000000)
    .ARM.Collect$$rtentry$$00000002          0x08000202   Section        0  __rtentry2.o(.ARM.Collect$$rtentry$$00000002)
    .ARM.Collect$$rtentry$$00000004          0x08000202   Section        6  __rtentry4.o(.ARM.Collect$$rtentry$$00000004)
    .ARM.Collect$$rtentry$$00000009          0x08000208   Section        0  __rtentry2.o(.ARM.Collect$$rtentry$$00000009)
    .ARM.Collect$$rtentry$$0000000A          0x08000208   Section        4  __rtentry2.o(.ARM.Collect$$rtentry$$0000000A)
    .ARM.Collect$$rtentry$$0000000C          0x0800020c   Section        0  __rtentry2.o(.ARM.Collect$$rtentry$$0000000C)
    .ARM.Collect$$rtentry$$0000000D          0x0800020c   Section        8  __rtentry2.o(.ARM.Collect$$rtentry$$0000000D)
    .ARM.Collect$$rtexit$$00000000           0x08000214   Section        2  rtexit.o(.ARM.Collect$$rtexit$$00000000)
    .ARM.Collect$$rtexit$$00000002           0x08000216   Section        0  rtexit2.o(.ARM.Collect$$rtexit$$00000002)
    .ARM.Collect$$rtexit$$00000003           0x08000216   Section        4  rtexit2.o(.ARM.Collect$$rtexit$$00000003)
    .ARM.Collect$$rtexit$$00000004           0x0800021a   Section        6  rtexit2.o(.ARM.Collect$$rtexit$$00000004)
    .text                                    0x08000220   Section        0  main.o(.text)
    .text                                    0x080002c4   Section        0  stm32f10x_it.o(.text)
    .text                                    0x080002e0   Section        0  system_stm32f10x.o(.text)
    SetSysClockTo72                          0x080002e1   Thumb Code   214  system_stm32f10x.o(.text)
    SetSysClock                              0x080003b7   Thumb Code     8  system_stm32f10x.o(.text)
    .text                                    0x080004c0   Section        0  delay.o(.text)
    .text                                    0x08000594   Section        0  usart.o(.text)
    .text                                    0x080006d4   Section       64  startup_stm32f10x_hd.o(.text)
    .text                                    0x08000714   Section        0  misc.o(.text)
    .text                                    0x080007f0   Section        0  stm32f10x_gpio.o(.text)
    .text                                    0x08000b4c   Section        0  stm32f10x_rcc.o(.text)
    .text                                    0x08000ef0   Section        0  stm32f10x_can.o(.text)
    CheckITStatus                            0x080016f3   Thumb Code    18  stm32f10x_can.o(.text)
    .text                                    0x080018e0   Section        0  stm32f10x_usart.o(.text)
    .text                                    0x08001ce8   Section        0  stm32f10x_tim.o(.text)
    TI4_Config                               0x0800218f   Thumb Code   130  stm32f10x_tim.o(.text)
    TI3_Config                               0x08002223   Thumb Code   122  stm32f10x_tim.o(.text)
    TI2_Config                               0x080022b7   Thumb Code   130  stm32f10x_tim.o(.text)
    TI1_Config                               0x0800234b   Thumb Code   108  stm32f10x_tim.o(.text)
    .text                                    0x08002b04   Section        0  emcy.o(.text)
    .text                                    0x08002da8   Section        0  lifegrd.o(.text)
    .text                                    0x080031a0   Section        0  nmtmaster.o(.text)
    .text                                    0x08003224   Section        0  nmtslave.o(.text)
    .text                                    0x08003334   Section        0  objacces.o(.text)
    .text                                    0x08003594   Section        0  pdo.o(.text)
    sendPdo                                  0x080037db   Thumb Code    44  pdo.o(.text)
    .text                                    0x080041c8   Section        0  sdo.o(.text)
    .text                                    0x08007efc   Section        0  states.o(.text)
    .text                                    0x0800838c   Section        0  sync.o(.text)
    .text                                    0x08008528   Section        0  timer.o(.text)
    .text                                    0x080086bc   Section        0  canfestival_can.o(.text)
    gpio_config                              0x080086bd   Thumb Code    70  canfestival_can.o(.text)
    nvic_config                              0x08008703   Thumb Code    34  canfestival_can.o(.text)
    can_filter_config                        0x08008725   Thumb Code    54  canfestival_can.o(.text)
    .text                                    0x0800889c   Section        0  canfestival_master.o(.text)
    .text                                    0x08008970   Section        0  canfestival_timer.o(.text)
    .text                                    0x08008a20   Section        2  use_no_semi_2.o(.text)
    .text                                    0x08008a24   Section        0  noretval__2printf.o(.text)
    .text                                    0x08008a3c   Section        0  __printf.o(.text)
    .text                                    0x08008aa4   Section        0  _printf_str.o(.text)
    .text                                    0x08008af8   Section        0  _printf_dec.o(.text)
    .text                                    0x08008b70   Section        0  _printf_hex_int.o(.text)
    .text                                    0x08008bc8   Section        0  memcmp.o(.text)
    .text                                    0x08008c20   Section      138  rt_memcpy_v6.o(.text)
    .text                                    0x08008caa   Section        0  heapauxi.o(.text)
    .text                                    0x08008cb0   Section        2  use_no_semi.o(.text)
    .text                                    0x08008cb2   Section        0  _printf_intcommon.o(.text)
    .text                                    0x08008d64   Section        0  _printf_char.o(.text)
    .text                                    0x08008d90   Section        0  _printf_char_file.o(.text)
    .text                                    0x08008db4   Section      100  rt_memcpy_w.o(.text)
    .text                                    0x08008e18   Section        0  _printf_char_common.o(.text)
    _printf_input_char                       0x08008e19   Thumb Code    10  _printf_char_common.o(.text)
    .text                                    0x08008e48   Section        0  ferror.o(.text)
    .text                                    0x08008e50   Section       74  sys_stackheap_outer.o(.text)
    .text                                    0x08008e9a   Section        0  exit.o(.text)
    .text                                    0x08008eac   Section        8  libspace.o(.text)
    .constdata                               0x08008eb4   Section       64  states.o(.constdata)
    .constdata                               0x08008ef4   Section      134  canfestival_master.o(.constdata)
    .constdata                               0x08008f7a   Section       40  _printf_hex_int.o(.constdata)
    uc_hextab                                0x08008f7a   Data          20  _printf_hex_int.o(.constdata)
    lc_hextab                                0x08008f8e   Data          20  _printf_hex_int.o(.constdata)
    .data                                    0x20000000   Section       20  system_stm32f10x.o(.data)
    .data                                    0x20000014   Section        4  delay.o(.data)
    fac_us                                   0x20000014   Data           1  delay.o(.data)
    fac_ms                                   0x20000016   Data           2  delay.o(.data)
    .data                                    0x20000018   Section        6  usart.o(.data)
    .data                                    0x2000001e   Section       20  stm32f10x_rcc.o(.data)
    APBAHBPrescTable                         0x2000001e   Data          16  stm32f10x_rcc.o(.data)
    ADCPrescTable                            0x2000002e   Data           4  stm32f10x_rcc.o(.data)
    .data                                    0x20000032   Section        2  sync.o(.data)
    .data                                    0x20000034   Section       12  timer.o(.data)
    .data                                    0x20000040   Section     1360  canfestival_master.o(.data)
    .bss                                     0x20000590   Section      200  usart.o(.bss)
    .bss                                     0x20000658   Section      192  timer.o(.bss)
    .bss                                     0x20000718   Section       96  libspace.o(.bss)
    HEAP                                     0x20000778   Section      512  startup_stm32f10x_hd.o(HEAP)
    Heap_Mem                                 0x20000778   Data         512  startup_stm32f10x_hd.o(HEAP)
    STACK                                    0x20000978   Section     1024  startup_stm32f10x_hd.o(STACK)
    Stack_Mem                                0x20000978   Data        1024  startup_stm32f10x_hd.o(STACK)
    __initial_sp                             0x20000d78   Data           0  startup_stm32f10x_hd.o(STACK)

    Global Symbols

    Symbol Name                              Value     Ov Type        Size  Object(Section)

    BuildAttributes$$THM_ISAv4$P$D$K$B$S$PE$A:L22UL41UL21$X:L11$S22US41US21$IEEE1$IW$USESV6$~STKCKD$USESV7$~SHL$OSPACE$ROPI$EBA8$UX$STANDARDLIB$REQ8$PRES8$EABIv2 0x00000000   Number         0  anon$$obj.o ABSOLUTE
    __ARM_use_no_argv                        0x00000000   Number         0  main.o ABSOLUTE
    __ARM_exceptions_init                     - Undefined Weak Reference
    __alloca_initialize                       - Undefined Weak Reference
    __arm_fini_                               - Undefined Weak Reference
    __arm_preinit_                            - Undefined Weak Reference
    __cpp_initialize__aeabi_                  - Undefined Weak Reference
    __cxa_finalize                            - Undefined Weak Reference
    __rt_locale                               - Undefined Weak Reference
    __sigvec_lookup                           - Undefined Weak Reference
    _atexit_init                              - Undefined Weak Reference
    _call_atexit_fns                          - Undefined Weak Reference
    _clock_init                               - Undefined Weak Reference
    _fp_trap_init                             - Undefined Weak Reference
    _fp_trap_shutdown                         - Undefined Weak Reference
    _get_lc_collate                           - Undefined Weak Reference
    _get_lc_ctype                             - Undefined Weak Reference
    _get_lc_monetary                          - Undefined Weak Reference
    _get_lc_numeric                           - Undefined Weak Reference
    _get_lc_time                              - Undefined Weak Reference
    _getenv_init                              - Undefined Weak Reference
    _handle_redirection                       - Undefined Weak Reference
    _init_alloc                               - Undefined Weak Reference
    _init_user_alloc                          - Undefined Weak Reference
    _initio                                   - Undefined Weak Reference
    _mutex_acquire                            - Undefined Weak Reference
    _mutex_release                            - Undefined Weak Reference
    _printf_mbtowc                            - Undefined Weak Reference
    _printf_post_padding                      - Undefined Weak Reference
    _printf_pre_padding                       - Undefined Weak Reference
    _printf_truncate_signed                   - Undefined Weak Reference
    _printf_truncate_unsigned                 - Undefined Weak Reference
    _rand_init                                - Undefined Weak Reference
    _signal_finish                            - Undefined Weak Reference
    _signal_init                              - Undefined Weak Reference
    _terminate_alloc                          - Undefined Weak Reference
    _terminate_user_alloc                     - Undefined Weak Reference
    _terminateio                              - Undefined Weak Reference
    __Vectors_Size                           0x00000130   Number         0  startup_stm32f10x_hd.o ABSOLUTE
    __Vectors                                0x08000000   Data           4  startup_stm32f10x_hd.o(RESET)
    __Vectors_End                            0x08000130   Data           0  startup_stm32f10x_hd.o(RESET)
    __main                                   0x08000131   Thumb Code     8  __main.o(!!!main)
    __scatterload                            0x08000139   Thumb Code     0  __scatter.o(!!!scatter)
    __scatterload_rt2                        0x08000139   Thumb Code    44  __scatter.o(!!!scatter)
    __scatterload_rt2_thumb_only             0x08000139   Thumb Code     0  __scatter.o(!!!scatter)
    __scatterload_null                       0x08000147   Thumb Code     0  __scatter.o(!!!scatter)
    __decompress                             0x0800016d   Thumb Code    90  __dczerorl2.o(!!dczerorl2)
    __decompress1                            0x0800016d   Thumb Code     0  __dczerorl2.o(!!dczerorl2)
    __scatterload_zeroinit                   0x080001c9   Thumb Code    28  __scatter_zi.o(!!handler_zi)
    _printf_d                                0x080001e5   Thumb Code     0  _printf_d.o(.ARM.Collect$$_printf_percent$$00000009)
    _printf_percent                          0x080001e5   Thumb Code     0  _printf_percent.o(.ARM.Collect$$_printf_percent$$00000000)
    _printf_x                                0x080001eb   Thumb Code     0  _printf_x.o(.ARM.Collect$$_printf_percent$$0000000C)
    _printf_s                                0x080001f1   Thumb Code     0  _printf_s.o(.ARM.Collect$$_printf_percent$$00000014)
    _printf_percent_end                      0x080001f7   Thumb Code     0  _printf_percent_end.o(.ARM.Collect$$_printf_percent$$00000017)
    __rt_lib_init                            0x080001fb   Thumb Code     0  libinit.o(.ARM.Collect$$libinit$$00000000)
    __rt_lib_init_alloca_1                   0x080001fd   Thumb Code     0  libinit2.o(.ARM.Collect$$libinit$$0000002E)
    __rt_lib_init_argv_1                     0x080001fd   Thumb Code     0  libinit2.o(.ARM.Collect$$libinit$$0000002C)
    __rt_lib_init_atexit_1                   0x080001fd   Thumb Code     0  libinit2.o(.ARM.Collect$$libinit$$0000001B)
    __rt_lib_init_clock_1                    0x080001fd   Thumb Code     0  libinit2.o(.ARM.Collect$$libinit$$00000021)
    __rt_lib_init_cpp_1                      0x080001fd   Thumb Code     0  libinit2.o(.ARM.Collect$$libinit$$00000032)
    __rt_lib_init_exceptions_1               0x080001fd   Thumb Code     0  libinit2.o(.ARM.Collect$$libinit$$00000030)
    __rt_lib_init_fp_1                       0x080001fd   Thumb Code     0  libinit2.o(.ARM.Collect$$libinit$$00000002)
    __rt_lib_init_fp_trap_1                  0x080001fd   Thumb Code     0  libinit2.o(.ARM.Collect$$libinit$$0000001F)
    __rt_lib_init_getenv_1                   0x080001fd   Thumb Code     0  libinit2.o(.ARM.Collect$$libinit$$00000023)
    __rt_lib_init_heap_1                     0x080001fd   Thumb Code     0  libinit2.o(.ARM.Collect$$libinit$$0000000A)
    __rt_lib_init_lc_collate_1               0x080001fd   Thumb Code     0  libinit2.o(.ARM.Collect$$libinit$$00000011)
    __rt_lib_init_lc_ctype_1                 0x080001fd   Thumb Code     0  libinit2.o(.ARM.Collect$$libinit$$00000013)
    __rt_lib_init_lc_monetary_1              0x080001fd   Thumb Code     0  libinit2.o(.ARM.Collect$$libinit$$00000015)
    __rt_lib_init_lc_numeric_1               0x080001fd   Thumb Code     0  libinit2.o(.ARM.Collect$$libinit$$00000017)
    __rt_lib_init_lc_time_1                  0x080001fd   Thumb Code     0  libinit2.o(.ARM.Collect$$libinit$$00000019)
    __rt_lib_init_preinit_1                  0x080001fd   Thumb Code     0  libinit2.o(.ARM.Collect$$libinit$$00000004)
    __rt_lib_init_rand_1                     0x080001fd   Thumb Code     0  libinit2.o(.ARM.Collect$$libinit$$0000000E)
    __rt_lib_init_return                     0x080001fd   Thumb Code     0  libinit2.o(.ARM.Collect$$libinit$$00000033)
    __rt_lib_init_signal_1                   0x080001fd   Thumb Code     0  libinit2.o(.ARM.Collect$$libinit$$0000001D)
    __rt_lib_init_stdio_1                    0x080001fd   Thumb Code     0  libinit2.o(.ARM.Collect$$libinit$$00000025)
    __rt_lib_init_user_alloc_1               0x080001fd   Thumb Code     0  libinit2.o(.ARM.Collect$$libinit$$0000000C)
    __rt_lib_shutdown                        0x080001ff   Thumb Code     0  libshutdown.o(.ARM.Collect$$libshutdown$$00000000)
    __rt_lib_shutdown_cpp_1                  0x08000201   Thumb Code     0  libshutdown2.o(.ARM.Collect$$libshutdown$$00000004)
    __rt_lib_shutdown_fini_1                 0x08000201   Thumb Code     0  libshutdown2.o(.ARM.Collect$$libshutdown$$00000002)
    __rt_lib_shutdown_fp_trap_1              0x08000201   Thumb Code     0  libshutdown2.o(.ARM.Collect$$libshutdown$$00000009)
    __rt_lib_shutdown_heap_1                 0x08000201   Thumb Code     0  libshutdown2.o(.ARM.Collect$$libshutdown$$00000011)
    __rt_lib_shutdown_return                 0x08000201   Thumb Code     0  libshutdown2.o(.ARM.Collect$$libshutdown$$00000012)
    __rt_lib_shutdown_signal_1               0x08000201   Thumb Code     0  libshutdown2.o(.ARM.Collect$$libshutdown$$0000000C)
    __rt_lib_shutdown_stdio_1                0x08000201   Thumb Code     0  libshutdown2.o(.ARM.Collect$$libshutdown$$00000006)
    __rt_lib_shutdown_user_alloc_1           0x08000201   Thumb Code     0  libshutdown2.o(.ARM.Collect$$libshutdown$$0000000E)
    __rt_entry                               0x08000203   Thumb Code     0  __rtentry.o(.ARM.Collect$$rtentry$$00000000)
    __rt_entry_presh_1                       0x08000203   Thumb Code     0  __rtentry2.o(.ARM.Collect$$rtentry$$00000002)
    __rt_entry_sh                            0x08000203   Thumb Code     0  __rtentry4.o(.ARM.Collect$$rtentry$$00000004)
    __rt_entry_li                            0x08000209   Thumb Code     0  __rtentry2.o(.ARM.Collect$$rtentry$$0000000A)
    __rt_entry_postsh_1                      0x08000209   Thumb Code     0  __rtentry2.o(.ARM.Collect$$rtentry$$00000009)
    __rt_entry_main                          0x0800020d   Thumb Code     0  __rtentry2.o(.ARM.Collect$$rtentry$$0000000D)
    __rt_entry_postli_1                      0x0800020d   Thumb Code     0  __rtentry2.o(.ARM.Collect$$rtentry$$0000000C)
    __rt_exit                                0x08000215   Thumb Code     0  rtexit.o(.ARM.Collect$$rtexit$$00000000)
    __rt_exit_ls                             0x08000217   Thumb Code     0  rtexit2.o(.ARM.Collect$$rtexit$$00000003)
    __rt_exit_prels_1                        0x08000217   Thumb Code     0  rtexit2.o(.ARM.Collect$$rtexit$$00000002)
    __rt_exit_exit                           0x0800021b   Thumb Code     0  rtexit2.o(.ARM.Collect$$rtexit$$00000004)
    main                                     0x08000221   Thumb Code   140  main.o(.text)
    NMI_Handler                              0x080002c5   Thumb Code     2  stm32f10x_it.o(.text)
    HardFault_Handler                        0x080002c7   Thumb Code     4  stm32f10x_it.o(.text)
    MemManage_Handler                        0x080002cb   Thumb Code     4  stm32f10x_it.o(.text)
    BusFault_Handler                         0x080002cf   Thumb Code     4  stm32f10x_it.o(.text)
    UsageFault_Handler                       0x080002d3   Thumb Code     4  stm32f10x_it.o(.text)
    SVC_Handler                              0x080002d7   Thumb Code     2  stm32f10x_it.o(.text)
    DebugMon_Handler                         0x080002d9   Thumb Code     2  stm32f10x_it.o(.text)
    PendSV_Handler                           0x080002db   Thumb Code     2  stm32f10x_it.o(.text)
    SysTick_Handler                          0x080002dd   Thumb Code     2  stm32f10x_it.o(.text)
    SystemInit                               0x080003bf   Thumb Code    78  system_stm32f10x.o(.text)
    SystemCoreClockUpdate                    0x0800040d   Thumb Code   142  system_stm32f10x.o(.text)
    delay_init                               0x080004c1   Thumb Code    50  delay.o(.text)
    delay_us                                 0x080004f3   Thumb Code    72  delay.o(.text)
    delay_ms                                 0x0800053b   Thumb Code    72  delay.o(.text)
    _sys_exit                                0x08000595   Thumb Code     4  usart.o(.text)
    fputc                                    0x08000599   Thumb Code    24  usart.o(.text)
    uart_init                                0x080005b1   Thumb Code   152  usart.o(.text)
    USART1_IRQHandler                        0x08000649   Thumb Code   122  usart.o(.text)
    Reset_Handler                            0x080006d5   Thumb Code     8  startup_stm32f10x_hd.o(.text)
    ADC1_2_IRQHandler                        0x080006ef   Thumb Code     0  startup_stm32f10x_hd.o(.text)
    ADC3_IRQHandler                          0x080006ef   Thumb Code     0  startup_stm32f10x_hd.o(.text)
    CAN1_RX1_IRQHandler                      0x080006ef   Thumb Code     0  startup_stm32f10x_hd.o(.text)
    CAN1_SCE_IRQHandler                      0x080006ef   Thumb Code     0  startup_stm32f10x_hd.o(.text)
    DMA1_Channel1_IRQHandler                 0x080006ef   Thumb Code     0  startup_stm32f10x_hd.o(.text)
    DMA1_Channel2_IRQHandler                 0x080006ef   Thumb Code     0  startup_stm32f10x_hd.o(.text)
    DMA1_Channel3_IRQHandler                 0x080006ef   Thumb Code     0  startup_stm32f10x_hd.o(.text)
    DMA1_Channel4_IRQHandler                 0x080006ef   Thumb Code     0  startup_stm32f10x_hd.o(.text)
    DMA1_Channel5_IRQHandler                 0x080006ef   Thumb Code     0  startup_stm32f10x_hd.o(.text)
    DMA1_Channel6_IRQHandler                 0x080006ef   Thumb Code     0  startup_stm32f10x_hd.o(.text)
    DMA1_Channel7_IRQHandler                 0x080006ef   Thumb Code     0  startup_stm32f10x_hd.o(.text)
    DMA2_Channel1_IRQHandler                 0x080006ef   Thumb Code     0  startup_stm32f10x_hd.o(.text)
    DMA2_Channel2_IRQHandler                 0x080006ef   Thumb Code     0  startup_stm32f10x_hd.o(.text)
    DMA2_Channel3_IRQHandler                 0x080006ef   Thumb Code     0  startup_stm32f10x_hd.o(.text)
    DMA2_Channel4_5_IRQHandler               0x080006ef   Thumb Code     0  startup_stm32f10x_hd.o(.text)
    EXTI0_IRQHandler                         0x080006ef   Thumb Code     0  startup_stm32f10x_hd.o(.text)
    EXTI15_10_IRQHandler                     0x080006ef   Thumb Code     0  startup_stm32f10x_hd.o(.text)
    EXTI1_IRQHandler                         0x080006ef   Thumb Code     0  startup_stm32f10x_hd.o(.text)
    EXTI2_IRQHandler                         0x080006ef   Thumb Code     0  startup_stm32f10x_hd.o(.text)
    EXTI3_IRQHandler                         0x080006ef   Thumb Code     0  startup_stm32f10x_hd.o(.text)
    EXTI4_IRQHandler                         0x080006ef   Thumb Code     0  startup_stm32f10x_hd.o(.text)
    EXTI9_5_IRQHandler                       0x080006ef   Thumb Code     0  startup_stm32f10x_hd.o(.text)
    FLASH_IRQHandler                         0x080006ef   Thumb Code     0  startup_stm32f10x_hd.o(.text)
    FSMC_IRQHandler                          0x080006ef   Thumb Code     0  startup_stm32f10x_hd.o(.text)
    I2C1_ER_IRQHandler                       0x080006ef   Thumb Code     0  startup_stm32f10x_hd.o(.text)
    I2C1_EV_IRQHandler                       0x080006ef   Thumb Code     0  startup_stm32f10x_hd.o(.text)
    I2C2_ER_IRQHandler                       0x080006ef   Thumb Code     0  startup_stm32f10x_hd.o(.text)
    I2C2_EV_IRQHandler                       0x080006ef   Thumb Code     0  startup_stm32f10x_hd.o(.text)
    PVD_IRQHandler                           0x080006ef   Thumb Code     0  startup_stm32f10x_hd.o(.text)
    RCC_IRQHandler                           0x080006ef   Thumb Code     0  startup_stm32f10x_hd.o(.text)
    RTCAlarm_IRQHandler                      0x080006ef   Thumb Code     0  startup_stm32f10x_hd.o(.text)
    RTC_IRQHandler                           0x080006ef   Thumb Code     0  startup_stm32f10x_hd.o(.text)
    SDIO_IRQHandler                          0x080006ef   Thumb Code     0  startup_stm32f10x_hd.o(.text)
    SPI1_IRQHandler                          0x080006ef   Thumb Code     0  startup_stm32f10x_hd.o(.text)
    SPI2_IRQHandler                          0x080006ef   Thumb Code     0  startup_stm32f10x_hd.o(.text)
    SPI3_IRQHandler                          0x080006ef   Thumb Code     0  startup_stm32f10x_hd.o(.text)
    TAMPER_IRQHandler                        0x080006ef   Thumb Code     0  startup_stm32f10x_hd.o(.text)
    TIM1_BRK_IRQHandler                      0x080006ef   Thumb Code     0  startup_stm32f10x_hd.o(.text)
    TIM1_CC_IRQHandler                       0x080006ef   Thumb Code     0  startup_stm32f10x_hd.o(.text)
    TIM1_TRG_COM_IRQHandler                  0x080006ef   Thumb Code     0  startup_stm32f10x_hd.o(.text)
    TIM1_UP_IRQHandler                       0x080006ef   Thumb Code     0  startup_stm32f10x_hd.o(.text)
    TIM2_IRQHandler                          0x080006ef   Thumb Code     0  startup_stm32f10x_hd.o(.text)
    TIM4_IRQHandler                          0x080006ef   Thumb Code     0  startup_stm32f10x_hd.o(.text)
    TIM5_IRQHandler                          0x080006ef   Thumb Code     0  startup_stm32f10x_hd.o(.text)
    TIM6_IRQHandler                          0x080006ef   Thumb Code     0  startup_stm32f10x_hd.o(.text)
    TIM7_IRQHandler                          0x080006ef   Thumb Code     0  startup_stm32f10x_hd.o(.text)
    TIM8_BRK_IRQHandler                      0x080006ef   Thumb Code     0  startup_stm32f10x_hd.o(.text)
    TIM8_CC_IRQHandler                       0x080006ef   Thumb Code     0  startup_stm32f10x_hd.o(.text)
    TIM8_TRG_COM_IRQHandler                  0x080006ef   Thumb Code     0  startup_stm32f10x_hd.o(.text)
    TIM8_UP_IRQHandler                       0x080006ef   Thumb Code     0  startup_stm32f10x_hd.o(.text)
    UART4_IRQHandler                         0x080006ef   Thumb Code     0  startup_stm32f10x_hd.o(.text)
    UART5_IRQHandler                         0x080006ef   Thumb Code     0  startup_stm32f10x_hd.o(.text)
    USART2_IRQHandler                        0x080006ef   Thumb Code     0  startup_stm32f10x_hd.o(.text)
    USART3_IRQHandler                        0x080006ef   Thumb Code     0  startup_stm32f10x_hd.o(.text)
    USBWakeUp_IRQHandler                     0x080006ef   Thumb Code     0  startup_stm32f10x_hd.o(.text)
    USB_HP_CAN1_TX_IRQHandler                0x080006ef   Thumb Code     0  startup_stm32f10x_hd.o(.text)
    WWDG_IRQHandler                          0x080006ef   Thumb Code     0  startup_stm32f10x_hd.o(.text)
    __user_initial_stackheap                 0x080006f1   Thumb Code     0  startup_stm32f10x_hd.o(.text)
    NVIC_PriorityGroupConfig                 0x08000715   Thumb Code    10  misc.o(.text)
    NVIC_Init                                0x0800071f   Thumb Code   100  misc.o(.text)
    NVIC_SetVectorTable                      0x08000783   Thumb Code    14  misc.o(.text)
    NVIC_SystemLPConfig                      0x08000791   Thumb Code    34  misc.o(.text)
    SysTick_CLKSourceConfig                  0x080007b3   Thumb Code    40  misc.o(.text)
    GPIO_DeInit                              0x080007f1   Thumb Code   172  stm32f10x_gpio.o(.text)
    GPIO_AFIODeInit                          0x0800089d   Thumb Code    20  stm32f10x_gpio.o(.text)
    GPIO_Init                                0x080008b1   Thumb Code   278  stm32f10x_gpio.o(.text)
    GPIO_StructInit                          0x080009c7   Thumb Code    16  stm32f10x_gpio.o(.text)
    GPIO_ReadInputDataBit                    0x080009d7   Thumb Code    18  stm32f10x_gpio.o(.text)
    GPIO_ReadInputData                       0x080009e9   Thumb Code     8  stm32f10x_gpio.o(.text)
    GPIO_ReadOutputDataBit                   0x080009f1   Thumb Code    18  stm32f10x_gpio.o(.text)
    GPIO_ReadOutputData                      0x08000a03   Thumb Code     8  stm32f10x_gpio.o(.text)
    GPIO_SetBits                             0x08000a0b   Thumb Code     4  stm32f10x_gpio.o(.text)
    GPIO_ResetBits                           0x08000a0f   Thumb Code     4  stm32f10x_gpio.o(.text)
    GPIO_WriteBit                            0x08000a13   Thumb Code    10  stm32f10x_gpio.o(.text)
    GPIO_Write                               0x08000a1d   Thumb Code     4  stm32f10x_gpio.o(.text)
    GPIO_PinLockConfig                       0x08000a21   Thumb Code    18  stm32f10x_gpio.o(.text)
    GPIO_EventOutputConfig                   0x08000a33   Thumb Code    26  stm32f10x_gpio.o(.text)
    GPIO_EventOutputCmd                      0x08000a4d   Thumb Code     6  stm32f10x_gpio.o(.text)
    GPIO_PinRemapConfig                      0x08000a53   Thumb Code   138  stm32f10x_gpio.o(.text)
    GPIO_EXTILineConfig                      0x08000add   Thumb Code    66  stm32f10x_gpio.o(.text)
    GPIO_ETH_MediaInterfaceConfig            0x08000b1f   Thumb Code     8  stm32f10x_gpio.o(.text)
    RCC_DeInit                               0x08000b4d   Thumb Code    64  stm32f10x_rcc.o(.text)
    RCC_HSEConfig                            0x08000b8d   Thumb Code    70  stm32f10x_rcc.o(.text)
    RCC_GetFlagStatus                        0x08000bd3   Thumb Code    56  stm32f10x_rcc.o(.text)
    RCC_WaitForHSEStartUp                    0x08000c0b   Thumb Code    56  stm32f10x_rcc.o(.text)
    RCC_AdjustHSICalibrationValue            0x08000c43   Thumb Code    20  stm32f10x_rcc.o(.text)
    RCC_HSICmd                               0x08000c57   Thumb Code     6  stm32f10x_rcc.o(.text)
    RCC_PLLConfig                            0x08000c5d   Thumb Code    24  stm32f10x_rcc.o(.text)
    RCC_PLLCmd                               0x08000c75   Thumb Code     6  stm32f10x_rcc.o(.text)
    RCC_SYSCLKConfig                         0x08000c7b   Thumb Code    18  stm32f10x_rcc.o(.text)
    RCC_GetSYSCLKSource                      0x08000c8d   Thumb Code    10  stm32f10x_rcc.o(.text)
    RCC_HCLKConfig                           0x08000c97   Thumb Code    18  stm32f10x_rcc.o(.text)
    RCC_PCLK1Config                          0x08000ca9   Thumb Code    18  stm32f10x_rcc.o(.text)
    RCC_PCLK2Config                          0x08000cbb   Thumb Code    20  stm32f10x_rcc.o(.text)
    RCC_ITConfig                             0x08000ccf   Thumb Code    26  stm32f10x_rcc.o(.text)
    RCC_USBCLKConfig                         0x08000ce9   Thumb Code     8  stm32f10x_rcc.o(.text)
    RCC_ADCCLKConfig                         0x08000cf1   Thumb Code    18  stm32f10x_rcc.o(.text)
    RCC_LSEConfig                            0x08000d03   Thumb Code    50  stm32f10x_rcc.o(.text)
    RCC_LSICmd                               0x08000d35   Thumb Code     6  stm32f10x_rcc.o(.text)
    RCC_RTCCLKConfig                         0x08000d3b   Thumb Code    12  stm32f10x_rcc.o(.text)
    RCC_RTCCLKCmd                            0x08000d47   Thumb Code     8  stm32f10x_rcc.o(.text)
    RCC_GetClocksFreq                        0x08000d4f   Thumb Code   192  stm32f10x_rcc.o(.text)
    RCC_AHBPeriphClockCmd                    0x08000e0f   Thumb Code    26  stm32f10x_rcc.o(.text)
    RCC_APB2PeriphClockCmd                   0x08000e29   Thumb Code    26  stm32f10x_rcc.o(.text)
    RCC_APB1PeriphClockCmd                   0x08000e43   Thumb Code    26  stm32f10x_rcc.o(.text)
    RCC_APB2PeriphResetCmd                   0x08000e5d   Thumb Code    26  stm32f10x_rcc.o(.text)
    RCC_APB1PeriphResetCmd                   0x08000e77   Thumb Code    26  stm32f10x_rcc.o(.text)
    RCC_BackupResetCmd                       0x08000e91   Thumb Code     8  stm32f10x_rcc.o(.text)
    RCC_ClockSecuritySystemCmd               0x08000e99   Thumb Code     6  stm32f10x_rcc.o(.text)
    RCC_MCOConfig                            0x08000e9f   Thumb Code     6  stm32f10x_rcc.o(.text)
    RCC_ClearFlag                            0x08000ea5   Thumb Code    14  stm32f10x_rcc.o(.text)
    RCC_GetITStatus                          0x08000eb3   Thumb Code    20  stm32f10x_rcc.o(.text)
    RCC_ClearITPendingBit                    0x08000ec7   Thumb Code     6  stm32f10x_rcc.o(.text)
    CAN_DeInit                               0x08000ef1   Thumb Code    50  stm32f10x_can.o(.text)
    CAN_Init                                 0x08000f23   Thumb Code   276  stm32f10x_can.o(.text)
    CAN_FilterInit                           0x08001037   Thumb Code   258  stm32f10x_can.o(.text)
    CAN_StructInit                           0x08001139   Thumb Code    32  stm32f10x_can.o(.text)
    CAN_SlaveStartBank                       0x08001159   Thumb Code    48  stm32f10x_can.o(.text)
    CAN_DBGFreeze                            0x08001189   Thumb Code    22  stm32f10x_can.o(.text)
    CAN_TTComModeCmd                         0x0800119f   Thumb Code   118  stm32f10x_can.o(.text)
    CAN_Transmit                             0x08001215   Thumb Code   304  stm32f10x_can.o(.text)
    CAN_TransmitStatus                       0x08001345   Thumb Code   138  stm32f10x_can.o(.text)
    CAN_CancelTransmit                       0x080013cf   Thumb Code    48  stm32f10x_can.o(.text)
    CAN_Receive                              0x080013ff   Thumb Code   240  stm32f10x_can.o(.text)
    CAN_FIFORelease                          0x080014ef   Thumb Code    22  stm32f10x_can.o(.text)
    CAN_MessagePending                       0x08001505   Thumb Code    30  stm32f10x_can.o(.text)
    CAN_OperatingModeRequest                 0x08001523   Thumb Code   162  stm32f10x_can.o(.text)
    CAN_Sleep                                0x080015c5   Thumb Code    30  stm32f10x_can.o(.text)
    CAN_WakeUp                               0x080015e3   Thumb Code    48  stm32f10x_can.o(.text)
    CAN_GetLastErrorCode                     0x08001613   Thumb Code    12  stm32f10x_can.o(.text)
    CAN_GetReceiveErrorCounter               0x0800161f   Thumb Code    10  stm32f10x_can.o(.text)
    CAN_GetLSBTransmitErrorCounter           0x08001629   Thumb Code    12  stm32f10x_can.o(.text)
    CAN_ITConfig                             0x08001635   Thumb Code    18  stm32f10x_can.o(.text)
    CAN_GetFlagStatus                        0x08001647   Thumb Code   120  stm32f10x_can.o(.text)
    CAN_ClearFlag                            0x080016bf   Thumb Code    52  stm32f10x_can.o(.text)
    CAN_GetITStatus                          0x08001705   Thumb Code   310  stm32f10x_can.o(.text)
    CAN_ClearITPendingBit                    0x0800183b   Thumb Code   162  stm32f10x_can.o(.text)
    USART_DeInit                             0x080018e1   Thumb Code   134  stm32f10x_usart.o(.text)
    USART_Init                               0x08001967   Thumb Code   210  stm32f10x_usart.o(.text)
    USART_StructInit                         0x08001a39   Thumb Code    24  stm32f10x_usart.o(.text)
    USART_ClockInit                          0x08001a51   Thumb Code    34  stm32f10x_usart.o(.text)
    USART_ClockStructInit                    0x08001a73   Thumb Code    12  stm32f10x_usart.o(.text)
    USART_Cmd                                0x08001a7f   Thumb Code    24  stm32f10x_usart.o(.text)
    USART_ITConfig                           0x08001a97   Thumb Code    74  stm32f10x_usart.o(.text)
    USART_DMACmd                             0x08001ae1   Thumb Code    18  stm32f10x_usart.o(.text)
    USART_SetAddress                         0x08001af3   Thumb Code    18  stm32f10x_usart.o(.text)
    USART_WakeUpConfig                       0x08001b05   Thumb Code    18  stm32f10x_usart.o(.text)
    USART_ReceiverWakeUpCmd                  0x08001b17   Thumb Code    24  stm32f10x_usart.o(.text)
    USART_LINBreakDetectLengthConfig         0x08001b2f   Thumb Code    18  stm32f10x_usart.o(.text)
    USART_LINCmd                             0x08001b41   Thumb Code    24  stm32f10x_usart.o(.text)
    USART_SendData                           0x08001b59   Thumb Code     8  stm32f10x_usart.o(.text)
    USART_ReceiveData                        0x08001b61   Thumb Code    10  stm32f10x_usart.o(.text)
    USART_SendBreak                          0x08001b6b   Thumb Code    10  stm32f10x_usart.o(.text)
    USART_SetGuardTime                       0x08001b75   Thumb Code    16  stm32f10x_usart.o(.text)
    USART_SetPrescaler                       0x08001b85   Thumb Code    16  stm32f10x_usart.o(.text)
    USART_SmartCardCmd                       0x08001b95   Thumb Code    24  stm32f10x_usart.o(.text)
    USART_SmartCardNACKCmd                   0x08001bad   Thumb Code    24  stm32f10x_usart.o(.text)
    USART_HalfDuplexCmd                      0x08001bc5   Thumb Code    24  stm32f10x_usart.o(.text)
    USART_OverSampling8Cmd                   0x08001bdd   Thumb Code    22  stm32f10x_usart.o(.text)
    USART_OneBitMethodCmd                    0x08001bf3   Thumb Code    24  stm32f10x_usart.o(.text)
    USART_IrDAConfig                         0x08001c0b   Thumb Code    18  stm32f10x_usart.o(.text)
    USART_IrDACmd                            0x08001c1d   Thumb Code    24  stm32f10x_usart.o(.text)
    USART_GetFlagStatus                      0x08001c35   Thumb Code    26  stm32f10x_usart.o(.text)
    USART_ClearFlag                          0x08001c4f   Thumb Code    18  stm32f10x_usart.o(.text)
    USART_GetITStatus                        0x08001c61   Thumb Code    84  stm32f10x_usart.o(.text)
    USART_ClearITPendingBit                  0x08001cb5   Thumb Code    52  stm32f10x_usart.o(.text)
    TIM_DeInit                               0x08001ce9   Thumb Code   424  stm32f10x_tim.o(.text)
    TIM_TimeBaseInit                         0x08001e91   Thumb Code   122  stm32f10x_tim.o(.text)
    TIM_OC1Init                              0x08001f0b   Thumb Code   132  stm32f10x_tim.o(.text)
    TIM_OC2Init                              0x08001f8f   Thumb Code   154  stm32f10x_tim.o(.text)
    TIM_OC3Init                              0x08002029   Thumb Code   150  stm32f10x_tim.o(.text)
    TIM_OC4Init                              0x080020bf   Thumb Code   182  stm32f10x_tim.o(.text)
    TIM_SetIC4Prescaler                      0x08002175   Thumb Code    26  stm32f10x_tim.o(.text)
    TIM_SetIC3Prescaler                      0x08002211   Thumb Code    18  stm32f10x_tim.o(.text)
    TIM_SetIC2Prescaler                      0x0800229d   Thumb Code    26  stm32f10x_tim.o(.text)
    TIM_SetIC1Prescaler                      0x08002339   Thumb Code    18  stm32f10x_tim.o(.text)
    TIM_ICInit                               0x080023b7   Thumb Code   150  stm32f10x_tim.o(.text)
    TIM_PWMIConfig                           0x0800244d   Thumb Code   124  stm32f10x_tim.o(.text)
    TIM_BDTRConfig                           0x080024c9   Thumb Code    32  stm32f10x_tim.o(.text)
    TIM_TimeBaseStructInit                   0x080024e9   Thumb Code    18  stm32f10x_tim.o(.text)
    TIM_OCStructInit                         0x080024fb   Thumb Code    20  stm32f10x_tim.o(.text)
    TIM_ICStructInit                         0x0800250f   Thumb Code    18  stm32f10x_tim.o(.text)
    TIM_BDTRStructInit                       0x08002521   Thumb Code    40  stm32f10x_tim.o(.text)
    TIM_Cmd                                  0x08002549   Thumb Code    24  stm32f10x_tim.o(.text)
    TIM_CtrlPWMOutputs                       0x08002561   Thumb Code    30  stm32f10x_tim.o(.text)
    TIM_ITConfig                             0x0800257f   Thumb Code    18  stm32f10x_tim.o(.text)
    TIM_GenerateEvent                        0x08002591   Thumb Code     4  stm32f10x_tim.o(.text)
    TIM_DMAConfig                            0x08002595   Thumb Code    10  stm32f10x_tim.o(.text)
    TIM_DMACmd                               0x0800259f   Thumb Code    18  stm32f10x_tim.o(.text)
    TIM_InternalClockConfig                  0x080025b1   Thumb Code    12  stm32f10x_tim.o(.text)
    TIM_SelectInputTrigger                   0x080025bd   Thumb Code    18  stm32f10x_tim.o(.text)
    TIM_ITRxExternalClockConfig              0x080025cf   Thumb Code    24  stm32f10x_tim.o(.text)
    TIM_TIxExternalClockConfig               0x080025e7   Thumb Code    62  stm32f10x_tim.o(.text)
    TIM_ETRConfig                            0x08002625   Thumb Code    28  stm32f10x_tim.o(.text)
    TIM_ETRClockMode1Config                  0x08002641   Thumb Code    54  stm32f10x_tim.o(.text)
    TIM_ETRClockMode2Config                  0x08002677   Thumb Code    32  stm32f10x_tim.o(.text)
    TIM_PrescalerConfig                      0x08002697   Thumb Code     6  stm32f10x_tim.o(.text)
    TIM_CounterModeConfig                    0x0800269d   Thumb Code    18  stm32f10x_tim.o(.text)
    TIM_EncoderInterfaceConfig               0x080026af   Thumb Code    66  stm32f10x_tim.o(.text)
    TIM_ForcedOC1Config                      0x080026f1   Thumb Code    18  stm32f10x_tim.o(.text)
    TIM_ForcedOC2Config                      0x08002703   Thumb Code    26  stm32f10x_tim.o(.text)
    TIM_ForcedOC3Config                      0x0800271d   Thumb Code    18  stm32f10x_tim.o(.text)
    TIM_ForcedOC4Config                      0x0800272f   Thumb Code    26  stm32f10x_tim.o(.text)
    TIM_ARRPreloadConfig                     0x08002749   Thumb Code    24  stm32f10x_tim.o(.text)
    TIM_SelectCOM                            0x08002761   Thumb Code    24  stm32f10x_tim.o(.text)
    TIM_SelectCCDMA                          0x08002779   Thumb Code    24  stm32f10x_tim.o(.text)
    TIM_CCPreloadControl                     0x08002791   Thumb Code    24  stm32f10x_tim.o(.text)
    TIM_OC1PreloadConfig                     0x080027a9   Thumb Code    18  stm32f10x_tim.o(.text)
    TIM_OC2PreloadConfig                     0x080027bb   Thumb Code    26  stm32f10x_tim.o(.text)
    TIM_OC3PreloadConfig                     0x080027d5   Thumb Code    18  stm32f10x_tim.o(.text)
    TIM_OC4PreloadConfig                     0x080027e7   Thumb Code    26  stm32f10x_tim.o(.text)
    TIM_OC1FastConfig                        0x08002801   Thumb Code    18  stm32f10x_tim.o(.text)
    TIM_OC2FastConfig                        0x08002813   Thumb Code    26  stm32f10x_tim.o(.text)
    TIM_OC3FastConfig                        0x0800282d   Thumb Code    18  stm32f10x_tim.o(.text)
    TIM_OC4FastConfig                        0x0800283f   Thumb Code    26  stm32f10x_tim.o(.text)
    TIM_ClearOC1Ref                          0x08002859   Thumb Code    18  stm32f10x_tim.o(.text)
    TIM_ClearOC2Ref                          0x0800286b   Thumb Code    24  stm32f10x_tim.o(.text)
    TIM_ClearOC3Ref                          0x08002883   Thumb Code    18  stm32f10x_tim.o(.text)
    TIM_ClearOC4Ref                          0x08002895   Thumb Code    24  stm32f10x_tim.o(.text)
    TIM_OC1PolarityConfig                    0x080028ad   Thumb Code    18  stm32f10x_tim.o(.text)
    TIM_OC1NPolarityConfig                   0x080028bf   Thumb Code    18  stm32f10x_tim.o(.text)
    TIM_OC2PolarityConfig                    0x080028d1   Thumb Code    26  stm32f10x_tim.o(.text)
    TIM_OC2NPolarityConfig                   0x080028eb   Thumb Code    26  stm32f10x_tim.o(.text)
    TIM_OC3PolarityConfig                    0x08002905   Thumb Code    26  stm32f10x_tim.o(.text)
    TIM_OC3NPolarityConfig                   0x0800291f   Thumb Code    26  stm32f10x_tim.o(.text)
    TIM_OC4PolarityConfig                    0x08002939   Thumb Code    26  stm32f10x_tim.o(.text)
    TIM_CCxCmd                               0x08002953   Thumb Code    30  stm32f10x_tim.o(.text)
    TIM_CCxNCmd                              0x08002971   Thumb Code    30  stm32f10x_tim.o(.text)
    TIM_SelectOCxM                           0x0800298f   Thumb Code    82  stm32f10x_tim.o(.text)
    TIM_UpdateDisableConfig                  0x080029e1   Thumb Code    24  stm32f10x_tim.o(.text)
    TIM_UpdateRequestConfig                  0x080029f9   Thumb Code    24  stm32f10x_tim.o(.text)
    TIM_SelectHallSensor                     0x08002a11   Thumb Code    24  stm32f10x_tim.o(.text)
    TIM_SelectOnePulseMode                   0x08002a29   Thumb Code    18  stm32f10x_tim.o(.text)
    TIM_SelectOutputTrigger                  0x08002a3b   Thumb Code    18  stm32f10x_tim.o(.text)
    TIM_SelectSlaveMode                      0x08002a4d   Thumb Code    18  stm32f10x_tim.o(.text)
    TIM_SelectMasterSlaveMode                0x08002a5f   Thumb Code    18  stm32f10x_tim.o(.text)
    TIM_SetCounter                           0x08002a71   Thumb Code     4  stm32f10x_tim.o(.text)
    TIM_SetAutoreload                        0x08002a75   Thumb Code     4  stm32f10x_tim.o(.text)
    TIM_SetCompare1                          0x08002a79   Thumb Code     4  stm32f10x_tim.o(.text)
    TIM_SetCompare2                          0x08002a7d   Thumb Code     4  stm32f10x_tim.o(.text)
    TIM_SetCompare3                          0x08002a81   Thumb Code     4  stm32f10x_tim.o(.text)
    TIM_SetCompare4                          0x08002a85   Thumb Code     6  stm32f10x_tim.o(.text)
    TIM_SetClockDivision                     0x08002a8b   Thumb Code    18  stm32f10x_tim.o(.text)
    TIM_GetCapture1                          0x08002a9d   Thumb Code     6  stm32f10x_tim.o(.text)
    TIM_GetCapture2                          0x08002aa3   Thumb Code     6  stm32f10x_tim.o(.text)
    TIM_GetCapture3                          0x08002aa9   Thumb Code     6  stm32f10x_tim.o(.text)
    TIM_GetCapture4                          0x08002aaf   Thumb Code     8  stm32f10x_tim.o(.text)
    TIM_GetCounter                           0x08002ab7   Thumb Code     6  stm32f10x_tim.o(.text)
    TIM_GetPrescaler                         0x08002abd   Thumb Code     6  stm32f10x_tim.o(.text)
    TIM_GetFlagStatus                        0x08002ac3   Thumb Code    18  stm32f10x_tim.o(.text)
    TIM_ClearFlag                            0x08002ad5   Thumb Code     6  stm32f10x_tim.o(.text)
    TIM_GetITStatus                          0x08002adb   Thumb Code    34  stm32f10x_tim.o(.text)
    TIM_ClearITPendingBit                    0x08002afd   Thumb Code     6  stm32f10x_tim.o(.text)
    OnNumberOfErrorsUpdate                   0x08002b05   Thumb Code    44  emcy.o(.text)
    emergencyInit                            0x08002b31   Thumb Code    30  emcy.o(.text)
    emergencyStop                            0x08002b4f   Thumb Code     2  emcy.o(.text)
    sendEMCY                                 0x08002b51   Thumb Code    88  emcy.o(.text)
    EMCY_setError                            0x08002ba9   Thumb Code   294  emcy.o(.text)
    EMCY_errorRecovered                      0x08002ccf   Thumb Code   152  emcy.o(.text)
    proceedEMCY                              0x08002d67   Thumb Code    58  emcy.o(.text)
    _post_emcy                               0x08002da1   Thumb Code     6  emcy.o(.text)
    getNodeState                             0x08002da9   Thumb Code    16  lifegrd.o(.text)
    ConsumerHeartbeatAlarm                   0x08002db9   Thumb Code    50  lifegrd.o(.text)
    proceedNODE_GUARD                        0x08002deb   Thumb Code   278  lifegrd.o(.text)
    ProducerHeartbeatAlarm                   0x08002f01   Thumb Code    72  lifegrd.o(.text)
    GuardTimeAlarm                           0x08002f49   Thumb Code   118  lifegrd.o(.text)
    nodeguardInit                            0x08002fbf   Thumb Code   130  lifegrd.o(.text)
    nodeguardStop                            0x08003041   Thumb Code    18  lifegrd.o(.text)
    OnNodeGuardUpdate                        0x08003053   Thumb Code    24  lifegrd.o(.text)
    OnHeartbeatProducerUpdate                0x0800306b   Thumb Code    68  lifegrd.o(.text)
    heartbeatInit                            0x080030af   Thumb Code   136  lifegrd.o(.text)
    heartbeatStop                            0x08003137   Thumb Code    56  lifegrd.o(.text)
    lifeGuardInit                            0x0800316f   Thumb Code    18  lifegrd.o(.text)
    lifeGuardStop                            0x08003181   Thumb Code    18  lifegrd.o(.text)
    _heartbeatError                          0x08003193   Thumb Code     2  lifegrd.o(.text)
    _post_SlaveBootup                        0x08003195   Thumb Code     2  lifegrd.o(.text)
    _post_SlaveStateChange                   0x08003197   Thumb Code     2  lifegrd.o(.text)
    _nodeguardError                          0x08003199   Thumb Code     2  lifegrd.o(.text)
    masterSendNMTstateChange                 0x080031a1   Thumb Code    44  nmtmaster.o(.text)
    masterSendNMTnodeguard                   0x080031cd   Thumb Code    38  nmtmaster.o(.text)
    masterRequestNodeState                   0x080031f3   Thumb Code    50  nmtmaster.o(.text)
    proceedNMTstateChange                    0x08003225   Thumb Code   224  nmtslave.o(.text)
    slaveSendBootUp                          0x08003305   Thumb Code    46  nmtslave.o(.text)
    accessDictionaryError                    0x08003335   Thumb Code    10  objacces.o(.text)
    _getODentry                              0x0800333f   Thumb Code   224  objacces.o(.text)
    _setODentry                              0x0800341f   Thumb Code   302  objacces.o(.text)
    RegisterSetODentryCallBack               0x0800354d   Thumb Code    50  objacces.o(.text)
    _storeODSubIndex                         0x0800357f   Thumb Code     6  objacces.o(.text)
    CopyBits                                 0x08003595   Thumb Code   236  pdo.o(.text)
    buildPDO                                 0x08003681   Thumb Code   250  pdo.o(.text)
    sendPDOrequest                           0x0800377b   Thumb Code    96  pdo.o(.text)
    PDOInhibitTimerAlarm                     0x08003807   Thumb Code    56  pdo.o(.text)
    sendOnePDOevent                          0x0800383f   Thumb Code   332  pdo.o(.text)
    PDOEventTimerAlarm                       0x0800398b   Thumb Code    46  pdo.o(.text)
    proceedPDO                               0x080039b9   Thumb Code  1058  pdo.o(.text)
    _sendPDOevent                            0x08003ddb   Thumb Code   408  pdo.o(.text)
    sendPDOevent                             0x08003f73   Thumb Code   146  pdo.o(.text)
    _RxPDO_EventTimers_Handler               0x08004005   Thumb Code     2  pdo.o(.text)
    TPDO_Communication_Parameter_Callback    0x08004007   Thumb Code   148  pdo.o(.text)
    PDOInit                                  0x0800409b   Thumb Code    84  pdo.o(.text)
    PDOStop                                  0x080040ef   Thumb Code   120  pdo.o(.text)
    PDOEnable                                0x08004167   Thumb Code    48  pdo.o(.text)
    PDODisable                               0x08004197   Thumb Code    48  pdo.o(.text)
    initSDOline                              0x080041c9   Thumb Code   444  sdo.o(.text)
    resetSDOline                             0x08004385   Thumb Code    96  sdo.o(.text)
    sendSDO                                  0x080043e5   Thumb Code   162  sdo.o(.text)
    sendSDOabort                             0x08004487   Thumb Code    82  sdo.o(.text)
    SDOTimeoutAlarm                          0x080044d9   Thumb Code   312  sdo.o(.text)
    resetSDO                                 0x08004611   Thumb Code    26  sdo.o(.text)
    SDOlineToObjdict                         0x0800462b   Thumb Code   172  sdo.o(.text)
    objdictToSDOline                         0x080046d7   Thumb Code   142  sdo.o(.text)
    lineToSDO                                0x08004765   Thumb Code   176  sdo.o(.text)
    SDOtoLine                                0x08004815   Thumb Code   134  sdo.o(.text)
    getSDOlineOnUse                          0x0800489b   Thumb Code   114  sdo.o(.text)
    failedSDO                                0x0800490d   Thumb Code   182  sdo.o(.text)
    getSDOfreeLine                           0x080049c3   Thumb Code    70  sdo.o(.text)
    getSDOlineToClose                        0x08004a09   Thumb Code    92  sdo.o(.text)
    GetSDOClientFromNodeId                   0x08004a65   Thumb Code    84  sdo.o(.text)
    closeSDOtransfer                         0x08004ab9   Thumb Code    64  sdo.o(.text)
    getSDOlineRestBytes                      0x08004af9   Thumb Code    74  sdo.o(.text)
    setSDOlineRestBytes                      0x08004b43   Thumb Code    34  sdo.o(.text)
    proceedSDO                               0x08004b65   Thumb Code 11256  sdo.o(.text)
    resetClientSDOLineFromNodeId             0x0800775d   Thumb Code    52  sdo.o(.text)
    _writeNetworkDict                        0x08007791   Thumb Code   490  sdo.o(.text)
    writeNetworkDict                         0x0800797b   Thumb Code    54  sdo.o(.text)
    writeNetworkDictCallBack                 0x080079b1   Thumb Code    46  sdo.o(.text)
    writeNetworkDictCallBackAI               0x080079df   Thumb Code   194  sdo.o(.text)
    _readNetworkDict                         0x08007aa1   Thumb Code   316  sdo.o(.text)
    readNetworkDict                          0x08007bdd   Thumb Code    42  sdo.o(.text)
    readNetworkDictCallback                  0x08007c07   Thumb Code    40  sdo.o(.text)
    readNetworkDictCallbackAI                0x08007c2f   Thumb Code   186  sdo.o(.text)
    getReadResultNetworkDict                 0x08007ce9   Thumb Code   386  sdo.o(.text)
    getWriteResultNetworkDict                0x08007e6b   Thumb Code   144  sdo.o(.text)
    getState                                 0x08007efd   Thumb Code     8  states.o(.text)
    canDispatch                              0x08007f05   Thumb Code   170  states.o(.text)
    switchCommunicationState                 0x08007faf   Thumb Code   284  states.o(.text)
    setState                                 0x080080cb   Thumb Code   200  states.o(.text)
    getNodeId                                0x08008193   Thumb Code     8  states.o(.text)
    setNodeId                                0x0800819b   Thumb Code   470  states.o(.text)
    _initialisation                          0x08008371   Thumb Code     2  states.o(.text)
    _preOperational                          0x08008373   Thumb Code    22  states.o(.text)
    _operational                             0x08008389   Thumb Code     2  states.o(.text)
    _stopped                                 0x0800838b   Thumb Code     2  states.o(.text)
    sendPDOCallback                          0x0800838d   Thumb Code    34  sync.o(.text)
    proceedSYNC                              0x080083af   Thumb Code   128  sync.o(.text)
    sendSYNCMessage                          0x0800842f   Thumb Code    38  sync.o(.text)
    sendSYNC                                 0x08008455   Thumb Code    22  sync.o(.text)
    SyncAlarm                                0x0800846b   Thumb Code    14  sync.o(.text)
    stopSYNC                                 0x08008479   Thumb Code    46  sync.o(.text)
    startSYNC                                0x080084a7   Thumb Code    98  sync.o(.text)
    OnCOB_ID_SyncUpdate                      0x08008509   Thumb Code    18  sync.o(.text)
    _post_sync                               0x0800851b   Thumb Code     2  sync.o(.text)
    _post_TPDO                               0x0800851d   Thumb Code     2  sync.o(.text)
    SetAlarm                                 0x08008529   Thumb Code   168  timer.o(.text)
    DelAlarm                                 0x080085d1   Thumb Code    46  timer.o(.text)
    TimeDispatch                             0x080085ff   Thumb Code   178  timer.o(.text)
    CANOpen_can_config                       0x0800875b   Thumb Code   110  canfestival_can.o(.text)
    USB_LP_CAN1_RX0_IRQHandler               0x080087c9   Thumb Code    80  canfestival_can.o(.text)
    canSend                                  0x08008819   Thumb Code    98  canfestival_can.o(.text)
    slave1_valueRangeTest                    0x0800889d   Thumb Code    22  canfestival_master.o(.text)
    slave1_scanIndexOD                       0x080088b3   Thumb Code   178  canfestival_master.o(.text)
    TIMConfig                                0x08008971   Thumb Code    88  canfestival_timer.o(.text)
    NVIC_Configuration                       0x080089c9   Thumb Code    32  canfestival_timer.o(.text)
    TIM3_IRQHandler                          0x080089e9   Thumb Code    26  canfestival_timer.o(.text)
    setTimer                                 0x08008a03   Thumb Code    16  canfestival_timer.o(.text)
    getElapsedTime                           0x08008a13   Thumb Code     8  canfestival_timer.o(.text)
    __use_no_semihosting                     0x08008a21   Thumb Code     2  use_no_semi_2.o(.text)
    __2printf                                0x08008a25   Thumb Code    20  noretval__2printf.o(.text)
    __printf                                 0x08008a3d   Thumb Code   104  __printf.o(.text)
    _printf_str                              0x08008aa5   Thumb Code    82  _printf_str.o(.text)
    _printf_int_dec                          0x08008af9   Thumb Code   104  _printf_dec.o(.text)
    _printf_int_hex                          0x08008b71   Thumb Code    84  _printf_hex_int.o(.text)
    _printf_longlong_hex                     0x08008b71   Thumb Code     0  _printf_hex_int.o(.text)
    memcmp                                   0x08008bc9   Thumb Code    88  memcmp.o(.text)
    __aeabi_memcpy                           0x08008c21   Thumb Code     0  rt_memcpy_v6.o(.text)
    __rt_memcpy                              0x08008c21   Thumb Code   138  rt_memcpy_v6.o(.text)
    _memcpy_lastbytes                        0x08008c87   Thumb Code     0  rt_memcpy_v6.o(.text)
    __use_two_region_memory                  0x08008cab   Thumb Code     2  heapauxi.o(.text)
    __rt_heap_escrow$2region                 0x08008cad   Thumb Code     2  heapauxi.o(.text)
    __rt_heap_expand$2region                 0x08008caf   Thumb Code     2  heapauxi.o(.text)
    __I$use$semihosting                      0x08008cb1   Thumb Code     0  use_no_semi.o(.text)
    __use_no_semihosting_swi                 0x08008cb1   Thumb Code     2  use_no_semi.o(.text)
    _printf_int_common                       0x08008cb3   Thumb Code   178  _printf_intcommon.o(.text)
    _printf_cs_common                        0x08008d65   Thumb Code    20  _printf_char.o(.text)
    _printf_char                             0x08008d79   Thumb Code    16  _printf_char.o(.text)
    _printf_string                           0x08008d89   Thumb Code     8  _printf_char.o(.text)
    _printf_char_file                        0x08008d91   Thumb Code    32  _printf_char_file.o(.text)
    __aeabi_memcpy4                          0x08008db5   Thumb Code     0  rt_memcpy_w.o(.text)
    __aeabi_memcpy8                          0x08008db5   Thumb Code     0  rt_memcpy_w.o(.text)
    __rt_memcpy_w                            0x08008db5   Thumb Code   100  rt_memcpy_w.o(.text)
    _memcpy_lastbytes_aligned                0x08008dfd   Thumb Code     0  rt_memcpy_w.o(.text)
    _printf_char_common                      0x08008e23   Thumb Code    32  _printf_char_common.o(.text)
    ferror                                   0x08008e49   Thumb Code     8  ferror.o(.text)
    __user_setup_stackheap                   0x08008e51   Thumb Code    74  sys_stackheap_outer.o(.text)
    exit                                     0x08008e9b   Thumb Code    18  exit.o(.text)
    __user_libspace                          0x08008ead   Thumb Code     8  libspace.o(.text)
    __user_perproc_libspace                  0x08008ead   Thumb Code     0  libspace.o(.text)
    __user_perthread_libspace                0x08008ead   Thumb Code     0  libspace.o(.text)
    slave1_iam_a_slave                       0x08008ef4   Data           1  canfestival_master.o(.constdata)
    slave1_objdict                           0x08008ef8   Data         104  canfestival_master.o(.constdata)
    slave1_firstIndex                        0x08008f60   Data          12  canfestival_master.o(.constdata)
    slave1_lastIndex                         0x08008f6c   Data          12  canfestival_master.o(.constdata)
    slave1_ObjdictSize                       0x08008f78   Data           2  canfestival_master.o(.constdata)
    Region$$Table$$Base                      0x08008fa4   Number         0  anon$$obj.o(Region$$Table)
    Region$$Table$$Limit                     0x08008fc4   Number         0  anon$$obj.o(Region$$Table)
    SystemCoreClock                          0x20000000   Data           4  system_stm32f10x.o(.data)
    AHBPrescTable                            0x20000004   Data          16  system_stm32f10x.o(.data)
    __stdout                                 0x20000018   Data           4  usart.o(.data)
    USART_RX_STA                             0x2000001c   Data           2  usart.o(.data)
    PDO_Delay_Timer                          0x20000032   Data           2  sync.o(.data)
    total_sleep_time                         0x20000034   Data           4  timer.o(.data)
    last_timer_raw                           0x20000038   Data           2  timer.o(.data)
    tdcount                                  0x2000003c   Data           4  timer.o(.data)
    delay_value_us                           0x20000040   Data           4  canfestival_master.o(.data)
    PDO_TEST                                 0x20000044   Data           1  canfestival_master.o(.data)
    PDO_RT                                   0x20000045   Data           1  canfestival_master.o(.data)
    slave1_bDeviceNodeId                     0x20000046   Data           1  canfestival_master.o(.data)
    slave1_heartBeatTimers                   0x20000048   Data           2  canfestival_master.o(.data)
    slave1_obj1000                           0x2000004c   Data           4  canfestival_master.o(.data)
    slave1_Index1000                         0x20000050   Data          16  canfestival_master.o(.data)
    slave1_obj1001                           0x20000060   Data           1  canfestival_master.o(.data)
    slave1_Index1001                         0x20000064   Data          16  canfestival_master.o(.data)
    slave1_highestSubIndex_obj1003           0x20000074   Data           1  canfestival_master.o(.data)
    slave1_obj1003                           0x20000078   Data           4  canfestival_master.o(.data)
    slave1_Index1003                         0x2000007c   Data          32  canfestival_master.o(.data)
    slave1_obj1005                           0x2000009c   Data           4  canfestival_master.o(.data)
    slave1_Index1005                         0x200000a0   Data          16  canfestival_master.o(.data)
    slave1_obj1006                           0x200000b0   Data           4  canfestival_master.o(.data)
    slave1_obj100C                           0x200000b4   Data           2  canfestival_master.o(.data)
    slave1_obj100D                           0x200000b6   Data           1  canfestival_master.o(.data)
    slave1_obj1014                           0x200000b8   Data           4  canfestival_master.o(.data)
    slave1_highestSubIndex_obj1016           0x200000bc   Data           1  canfestival_master.o(.data)
    slave1_obj1016                           0x200000c0   Data           4  canfestival_master.o(.data)
    slave1_obj1017                           0x200000c4   Data           2  canfestival_master.o(.data)
    slave1_highestSubIndex_obj1018           0x200000c6   Data           1  canfestival_master.o(.data)
    slave1_obj1018_Vendor_ID                 0x200000c8   Data           4  canfestival_master.o(.data)
    slave1_obj1018_Product_Code              0x200000cc   Data           4  canfestival_master.o(.data)
    slave1_obj1018_Revision_Number           0x200000d0   Data           4  canfestival_master.o(.data)
    slave1_obj1018_Serial_Number             0x200000d4   Data           4  canfestival_master.o(.data)
    slave1_Index1018                         0x200000d8   Data          80  canfestival_master.o(.data)
    slave1_highestSubIndex_obj1200           0x20000128   Data           1  canfestival_master.o(.data)
    slave1_obj1200_COB_ID_Client_to_Server_Receive_SDO 0x2000012c   Data           4  canfestival_master.o(.data)
    slave1_obj1200_COB_ID_Server_to_Client_Transmit_SDO 0x20000130   Data           4  canfestival_master.o(.data)
    slave1_Index1200                         0x20000134   Data          48  canfestival_master.o(.data)
    slave1_highestSubIndex_obj1280           0x20000164   Data           1  canfestival_master.o(.data)
    slave1_obj1280_COB_ID_Client_to_Server_Transmit_SDO 0x20000168   Data           4  canfestival_master.o(.data)
    slave1_obj1280_COB_ID_Server_to_Client_Receive_SDO 0x2000016c   Data           4  canfestival_master.o(.data)
    slave1_obj1280_Node_ID_of_the_SDO_Server 0x20000170   Data           1  canfestival_master.o(.data)
    slave1_Index1280                         0x20000174   Data          64  canfestival_master.o(.data)
    slave1_highestSubIndex_obj1400           0x200001b4   Data           1  canfestival_master.o(.data)
    slave1_obj1400_COB_ID_used_by_PDO        0x200001b8   Data           4  canfestival_master.o(.data)
    slave1_obj1400_Transmission_Type         0x200001bc   Data           1  canfestival_master.o(.data)
    slave1_obj1400_Inhibit_Time              0x200001be   Data           2  canfestival_master.o(.data)
    slave1_obj1400_Compatibility_Entry       0x200001c0   Data           1  canfestival_master.o(.data)
    slave1_obj1400_Event_Timer               0x200001c2   Data           2  canfestival_master.o(.data)
    slave1_obj1400_SYNC_start_value          0x200001c4   Data           1  canfestival_master.o(.data)
    slave1_Index1400                         0x200001c8   Data         112  canfestival_master.o(.data)
    slave1_highestSubIndex_obj1600           0x20000238   Data           1  canfestival_master.o(.data)
    slave1_obj1600                           0x2000023c   Data           4  canfestival_master.o(.data)
    slave1_Index1600                         0x20000240   Data          32  canfestival_master.o(.data)
    slave1_highestSubIndex_obj1800           0x20000260   Data           1  canfestival_master.o(.data)
    slave1_obj1800_COB_ID_used_by_PDO        0x20000264   Data           4  canfestival_master.o(.data)
    slave1_obj1800_Transmission_Type         0x20000268   Data           1  canfestival_master.o(.data)
    slave1_obj1800_Inhibit_Time              0x2000026a   Data           2  canfestival_master.o(.data)
    slave1_obj1800_Compatibility_Entry       0x2000026c   Data           1  canfestival_master.o(.data)
    slave1_obj1800_Event_Timer               0x2000026e   Data           2  canfestival_master.o(.data)
    slave1_obj1800_SYNC_start_value          0x20000270   Data           1  canfestival_master.o(.data)
    slave1_Index1800                         0x20000274   Data         112  canfestival_master.o(.data)
    slave1_highestSubIndex_obj1A00           0x200002e4   Data           1  canfestival_master.o(.data)
    slave1_obj1A00                           0x200002e8   Data           4  canfestival_master.o(.data)
    slave1_Index1A00                         0x200002ec   Data          32  canfestival_master.o(.data)
    slave1_Index2000                         0x2000030c   Data          16  canfestival_master.o(.data)
    slave1_Index2001                         0x2000031c   Data          16  canfestival_master.o(.data)
    slave1_Index2002                         0x2000032c   Data          16  canfestival_master.o(.data)
    slave1_PDO_status                        0x2000033c   Data          18  canfestival_master.o(.data)
    slave1_Data                              0x20000350   Data         576  canfestival_master.o(.data)
    USART_RX_BUF                             0x20000590   Data         200  usart.o(.bss)
    timers                                   0x20000658   Data         192  timer.o(.bss)
    __libspace_start                         0x20000718   Data          96  libspace.o(.bss)
    __temporary_stack_top$libspace           0x20000778   Data           0  libspace.o(.bss)



==============================================================================

Memory Map of the image

  Image Entry point : 0x08000131

  Load Region LR_IROM1 (Base: 0x08000000, Size: 0x00009554, Max: 0x00080000, ABSOLUTE, COMPRESSED[0x00009154])

    Execution Region ER_IROM1 (Exec base: 0x08000000, Load base: 0x08000000, Size: 0x00008fc4, Max: 0x00080000, ABSOLUTE)

    Exec Addr    Load Addr    Size         Type   Attr      Idx    E Section Name        Object

    0x08000000   0x08000000   0x00000130   Data   RO          375    RESET               startup_stm32f10x_hd.o
    0x08000130   0x08000130   0x00000008   Code   RO         1000  * !!!main             c_w.l(__main.o)
    0x08000138   0x08000138   0x00000034   Code   RO         1193    !!!scatter          c_w.l(__scatter.o)
    0x0800016c   0x0800016c   0x0000005a   Code   RO         1191    !!dczerorl2         c_w.l(__dczerorl2.o)
    0x080001c6   0x080001c6   0x00000002   PAD
    0x080001c8   0x080001c8   0x0000001c   Code   RO         1195    !!handler_zi        c_w.l(__scatter_zi.o)
    0x080001e4   0x080001e4   0x00000000   Code   RO          993    .ARM.Collect$$_printf_percent$$00000000  c_w.l(_printf_percent.o)
    0x080001e4   0x080001e4   0x00000006   Code   RO          992    .ARM.Collect$$_printf_percent$$00000009  c_w.l(_printf_d.o)
    0x080001ea   0x080001ea   0x00000006   Code   RO          991    .ARM.Collect$$_printf_percent$$0000000C  c_w.l(_printf_x.o)
    0x080001f0   0x080001f0   0x00000006   Code   RO          990    .ARM.Collect$$_printf_percent$$00000014  c_w.l(_printf_s.o)
    0x080001f6   0x080001f6   0x00000004   Code   RO         1023    .ARM.Collect$$_printf_percent$$00000017  c_w.l(_printf_percent_end.o)
    0x080001fa   0x080001fa   0x00000002   Code   RO         1063    .ARM.Collect$$libinit$$00000000  c_w.l(libinit.o)
    0x080001fc   0x080001fc   0x00000000   Code   RO         1070    .ARM.Collect$$libinit$$00000002  c_w.l(libinit2.o)
    0x080001fc   0x080001fc   0x00000000   Code   RO         1072    .ARM.Collect$$libinit$$00000004  c_w.l(libinit2.o)
    0x080001fc   0x080001fc   0x00000000   Code   RO         1075    .ARM.Collect$$libinit$$0000000A  c_w.l(libinit2.o)
    0x080001fc   0x080001fc   0x00000000   Code   RO         1077    .ARM.Collect$$libinit$$0000000C  c_w.l(libinit2.o)
    0x080001fc   0x080001fc   0x00000000   Code   RO         1079    .ARM.Collect$$libinit$$0000000E  c_w.l(libinit2.o)
    0x080001fc   0x080001fc   0x00000000   Code   RO         1082    .ARM.Collect$$libinit$$00000011  c_w.l(libinit2.o)
    0x080001fc   0x080001fc   0x00000000   Code   RO         1084    .ARM.Collect$$libinit$$00000013  c_w.l(libinit2.o)
    0x080001fc   0x080001fc   0x00000000   Code   RO         1086    .ARM.Collect$$libinit$$00000015  c_w.l(libinit2.o)
    0x080001fc   0x080001fc   0x00000000   Code   RO         1088    .ARM.Collect$$libinit$$00000017  c_w.l(libinit2.o)
    0x080001fc   0x080001fc   0x00000000   Code   RO         1090    .ARM.Collect$$libinit$$00000019  c_w.l(libinit2.o)
    0x080001fc   0x080001fc   0x00000000   Code   RO         1092    .ARM.Collect$$libinit$$0000001B  c_w.l(libinit2.o)
    0x080001fc   0x080001fc   0x00000000   Code   RO         1094    .ARM.Collect$$libinit$$0000001D  c_w.l(libinit2.o)
    0x080001fc   0x080001fc   0x00000000   Code   RO         1096    .ARM.Collect$$libinit$$0000001F  c_w.l(libinit2.o)
    0x080001fc   0x080001fc   0x00000000   Code   RO         1098    .ARM.Collect$$libinit$$00000021  c_w.l(libinit2.o)
    0x080001fc   0x080001fc   0x00000000   Code   RO         1100    .ARM.Collect$$libinit$$00000023  c_w.l(libinit2.o)
    0x080001fc   0x080001fc   0x00000000   Code   RO         1102    .ARM.Collect$$libinit$$00000025  c_w.l(libinit2.o)
    0x080001fc   0x080001fc   0x00000000   Code   RO         1106    .ARM.Collect$$libinit$$0000002C  c_w.l(libinit2.o)
    0x080001fc   0x080001fc   0x00000000   Code   RO         1108    .ARM.Collect$$libinit$$0000002E  c_w.l(libinit2.o)
    0x080001fc   0x080001fc   0x00000000   Code   RO         1110    .ARM.Collect$$libinit$$00000030  c_w.l(libinit2.o)
    0x080001fc   0x080001fc   0x00000000   Code   RO         1112    .ARM.Collect$$libinit$$00000032  c_w.l(libinit2.o)
    0x080001fc   0x080001fc   0x00000002   Code   RO         1113    .ARM.Collect$$libinit$$00000033  c_w.l(libinit2.o)
    0x080001fe   0x080001fe   0x00000002   Code   RO         1131    .ARM.Collect$$libshutdown$$00000000  c_w.l(libshutdown.o)
    0x08000200   0x08000200   0x00000000   Code   RO         1141    .ARM.Collect$$libshutdown$$00000002  c_w.l(libshutdown2.o)
    0x08000200   0x08000200   0x00000000   Code   RO         1143    .ARM.Collect$$libshutdown$$00000004  c_w.l(libshutdown2.o)
    0x08000200   0x08000200   0x00000000   Code   RO         1145    .ARM.Collect$$libshutdown$$00000006  c_w.l(libshutdown2.o)
    0x08000200   0x08000200   0x00000000   Code   RO         1148    .ARM.Collect$$libshutdown$$00000009  c_w.l(libshutdown2.o)
    0x08000200   0x08000200   0x00000000   Code   RO         1151    .ARM.Collect$$libshutdown$$0000000C  c_w.l(libshutdown2.o)
    0x08000200   0x08000200   0x00000000   Code   RO         1153    .ARM.Collect$$libshutdown$$0000000E  c_w.l(libshutdown2.o)
    0x08000200   0x08000200   0x00000000   Code   RO         1156    .ARM.Collect$$libshutdown$$00000011  c_w.l(libshutdown2.o)
    0x08000200   0x08000200   0x00000002   Code   RO         1157    .ARM.Collect$$libshutdown$$00000012  c_w.l(libshutdown2.o)
    0x08000202   0x08000202   0x00000000   Code   RO         1016    .ARM.Collect$$rtentry$$00000000  c_w.l(__rtentry.o)
    0x08000202   0x08000202   0x00000000   Code   RO         1032    .ARM.Collect$$rtentry$$00000002  c_w.l(__rtentry2.o)
    0x08000202   0x08000202   0x00000006   Code   RO         1044    .ARM.Collect$$rtentry$$00000004  c_w.l(__rtentry4.o)
    0x08000208   0x08000208   0x00000000   Code   RO         1034    .ARM.Collect$$rtentry$$00000009  c_w.l(__rtentry2.o)
    0x08000208   0x08000208   0x00000004   Code   RO         1035    .ARM.Collect$$rtentry$$0000000A  c_w.l(__rtentry2.o)
    0x0800020c   0x0800020c   0x00000000   Code   RO         1037    .ARM.Collect$$rtentry$$0000000C  c_w.l(__rtentry2.o)
    0x0800020c   0x0800020c   0x00000008   Code   RO         1038    .ARM.Collect$$rtentry$$0000000D  c_w.l(__rtentry2.o)
    0x08000214   0x08000214   0x00000002   Code   RO         1067    .ARM.Collect$$rtexit$$00000000  c_w.l(rtexit.o)
    0x08000216   0x08000216   0x00000000   Code   RO         1115    .ARM.Collect$$rtexit$$00000002  c_w.l(rtexit2.o)
    0x08000216   0x08000216   0x00000004   Code   RO         1116    .ARM.Collect$$rtexit$$00000003  c_w.l(rtexit2.o)
    0x0800021a   0x0800021a   0x00000006   Code   RO         1117    .ARM.Collect$$rtexit$$00000004  c_w.l(rtexit2.o)
    0x08000220   0x08000220   0x000000a4   Code   RO            1    .text               main.o
    0x080002c4   0x080002c4   0x0000001a   Code   RO          195    .text               stm32f10x_it.o
    0x080002de   0x080002de   0x00000002   PAD
    0x080002e0   0x080002e0   0x000001e0   Code   RO          236    .text               system_stm32f10x.o
    0x080004c0   0x080004c0   0x000000d4   Code   RO          309    .text               delay.o
    0x08000594   0x08000594   0x00000140   Code   RO          340    .text               usart.o
    0x080006d4   0x080006d4   0x00000040   Code   RO          376    .text               startup_stm32f10x_hd.o
    0x08000714   0x08000714   0x000000dc   Code   RO          380    .text               misc.o
    0x080007f0   0x080007f0   0x0000035c   Code   RO          404    .text               stm32f10x_gpio.o
    0x08000b4c   0x08000b4c   0x000003a4   Code   RO          416    .text               stm32f10x_rcc.o
    0x08000ef0   0x08000ef0   0x000009f0   Code   RO          430    .text               stm32f10x_can.o
    0x080018e0   0x080018e0   0x00000408   Code   RO          442    .text               stm32f10x_usart.o
    0x08001ce8   0x08001ce8   0x00000e1a   Code   RO          634    .text               stm32f10x_tim.o
    0x08002b02   0x08002b02   0x00000002   PAD
    0x08002b04   0x08002b04   0x000002a2   Code   RO          720    .text               emcy.o
    0x08002da6   0x08002da6   0x00000002   PAD
    0x08002da8   0x08002da8   0x000003f8   Code   RO          732    .text               lifegrd.o
    0x080031a0   0x080031a0   0x00000084   Code   RO          753    .text               nmtmaster.o
    0x08003224   0x08003224   0x0000010e   Code   RO          765    .text               nmtslave.o
    0x08003332   0x08003332   0x00000002   PAD
    0x08003334   0x08003334   0x00000260   Code   RO          777    .text               objacces.o
    0x08003594   0x08003594   0x00000c32   Code   RO          789    .text               pdo.o
    0x080041c6   0x080041c6   0x00000002   PAD
    0x080041c8   0x080041c8   0x00003d32   Code   RO          801    .text               sdo.o
    0x08007efa   0x08007efa   0x00000002   PAD
    0x08007efc   0x08007efc   0x00000490   Code   RO          816    .text               states.o
    0x0800838c   0x0800838c   0x0000019c   Code   RO          829    .text               sync.o
    0x08008528   0x08008528   0x00000194   Code   RO          871    .text               timer.o
    0x080086bc   0x080086bc   0x000001e0   Code   RO          890    .text               canfestival_can.o
    0x0800889c   0x0800889c   0x000000d4   Code   RO          903    .text               canfestival_master.o
    0x08008970   0x08008970   0x000000b0   Code   RO          923    .text               canfestival_timer.o
    0x08008a20   0x08008a20   0x00000002   Code   RO          937    .text               c_w.l(use_no_semi_2.o)
    0x08008a22   0x08008a22   0x00000002   PAD
    0x08008a24   0x08008a24   0x00000018   Code   RO          941    .text               c_w.l(noretval__2printf.o)
    0x08008a3c   0x08008a3c   0x00000068   Code   RO          943    .text               c_w.l(__printf.o)
    0x08008aa4   0x08008aa4   0x00000052   Code   RO          945    .text               c_w.l(_printf_str.o)
    0x08008af6   0x08008af6   0x00000002   PAD
    0x08008af8   0x08008af8   0x00000078   Code   RO          947    .text               c_w.l(_printf_dec.o)
    0x08008b70   0x08008b70   0x00000058   Code   RO          952    .text               c_w.l(_printf_hex_int.o)
    0x08008bc8   0x08008bc8   0x00000058   Code   RO          994    .text               c_w.l(memcmp.o)
    0x08008c20   0x08008c20   0x0000008a   Code   RO          996    .text               c_w.l(rt_memcpy_v6.o)
    0x08008caa   0x08008caa   0x00000006   Code   RO          998    .text               c_w.l(heapauxi.o)
    0x08008cb0   0x08008cb0   0x00000002   Code   RO         1014    .text               c_w.l(use_no_semi.o)
    0x08008cb2   0x08008cb2   0x000000b2   Code   RO         1017    .text               c_w.l(_printf_intcommon.o)
    0x08008d64   0x08008d64   0x0000002c   Code   RO         1019    .text               c_w.l(_printf_char.o)
    0x08008d90   0x08008d90   0x00000024   Code   RO         1021    .text               c_w.l(_printf_char_file.o)
    0x08008db4   0x08008db4   0x00000064   Code   RO         1024    .text               c_w.l(rt_memcpy_w.o)
    0x08008e18   0x08008e18   0x00000030   Code   RO         1046    .text               c_w.l(_printf_char_common.o)
    0x08008e48   0x08008e48   0x00000008   Code   RO         1048    .text               c_w.l(ferror.o)
    0x08008e50   0x08008e50   0x0000004a   Code   RO         1052    .text               c_w.l(sys_stackheap_outer.o)
    0x08008e9a   0x08008e9a   0x00000012   Code   RO         1056    .text               c_w.l(exit.o)
    0x08008eac   0x08008eac   0x00000008   Code   RO         1064    .text               c_w.l(libspace.o)
    0x08008eb4   0x08008eb4   0x00000040   Data   RO          817    .constdata          states.o
    0x08008ef4   0x08008ef4   0x00000086   Data   RO          904    .constdata          canfestival_master.o
    0x08008f7a   0x08008f7a   0x00000028   Data   RO          953    .constdata          c_w.l(_printf_hex_int.o)
    0x08008fa2   0x08008fa2   0x00000002   PAD
    0x08008fa4   0x08008fa4   0x00000020   Data   RO         1189    Region$$Table       anon$$obj.o


    Execution Region RW_IRAM1 (Exec base: 0x20000000, Load base: 0x08008fc4, Size: 0x00000d78, Max: 0x00010000, ABSOLUTE, COMPRESSED[0x00000190])

    Exec Addr    Load Addr    Size         Type   Attr      Idx    E Section Name        Object

    0x20000000   COMPRESSED   0x00000014   Data   RW          237    .data               system_stm32f10x.o
    0x20000014   COMPRESSED   0x00000004   Data   RW          310    .data               delay.o
    0x20000018   COMPRESSED   0x00000006   Data   RW          342    .data               usart.o
    0x2000001e   COMPRESSED   0x00000014   Data   RW          417    .data               stm32f10x_rcc.o
    0x20000032   COMPRESSED   0x00000002   Data   RW          830    .data               sync.o
    0x20000034   COMPRESSED   0x0000000c   Data   RW          873    .data               timer.o
    0x20000040   COMPRESSED   0x00000550   Data   RW          905    .data               canfestival_master.o
    0x20000590        -       0x000000c8   Zero   RW          341    .bss                usart.o
    0x20000658        -       0x000000c0   Zero   RW          872    .bss                timer.o
    0x20000718        -       0x00000060   Zero   RW         1065    .bss                c_w.l(libspace.o)
    0x20000778        -       0x00000200   Zero   RW          374    HEAP                startup_stm32f10x_hd.o
    0x20000978        -       0x00000400   Zero   RW          373    STACK               startup_stm32f10x_hd.o


==============================================================================

Image component sizes


      Code (inc. data)   RO Data    RW Data    ZI Data      Debug   Object Name

       480         34          0          0          0       1808   canfestival_can.o
       212         12        134       1360          0       6489   canfestival_master.o
       176          6          0          0          0       1751   canfestival_timer.o
         0          0          0          0          0      10418   dcf.o
       212         18          0          4          0       1059   delay.o
       674          0          0          0          0       3235   emcy.o
      1016          6          0          0          0       5123   lifegrd.o
       164         24          0          0          0     273573   main.o
       220         22          0          0          0       1817   misc.o
       132          0          0          0          0       1353   nmtmaster.o
       270          0          0          0          0       1092   nmtslave.o
       608         16          0          0          0       3032   objacces.o
      3122        262          0          0          0       8219   pdo.o
     15666        288          0          0          0      20575   sdo.o
        64         26        304          0       1536        808   startup_stm32f10x_hd.o
      1168         54         64          0          0       4239   states.o
      2544         38          0          0          0       8044   stm32f10x_can.o
       860         38          0          0          0       5749   stm32f10x_gpio.o
        26          0          0          0          0       1190   stm32f10x_it.o
       932         36          0         20          0       8936   stm32f10x_rcc.o
      3610         88          0          0          0      22856   stm32f10x_tim.o
      1032         22          0          0          0       8476   stm32f10x_usart.o
       412         10          0          2          0      12552   sync.o
         0          0          0          0          0         32   sys.o
       480         38          0         20          0       1767   system_stm32f10x.o
       404         12          0         12        192       3142   timer.o
       320         18          0          6        200       3162   usart.o

    ----------------------------------------------------------------------
     34816       1068        534       1424       1928     420497   Object Totals
         0          0         32          0          0          0   (incl. Generated)
        12          0          0          0          0          0   (incl. Padding)

    ----------------------------------------------------------------------

      Code (inc. data)   RO Data    RW Data    ZI Data      Debug   Library Member Name

        90          0          0          0          0          0   __dczerorl2.o
         8          0          0          0          0         68   __main.o
       104          0          0          0          0         84   __printf.o
         0          0          0          0          0          0   __rtentry.o
        12          0          0          0          0          0   __rtentry2.o
         6          0          0          0          0          0   __rtentry4.o
        52          8          0          0          0          0   __scatter.o
        28          0          0          0          0          0   __scatter_zi.o
        44          0          0          0          0        108   _printf_char.o
        48          6          0          0          0         96   _printf_char_common.o
        36          4          0          0          0         80   _printf_char_file.o
         6          0          0          0          0          0   _printf_d.o
       120         16          0          0          0         92   _printf_dec.o
        88          4         40          0          0         88   _printf_hex_int.o
       178          0          0          0          0         88   _printf_intcommon.o
         0          0          0          0          0          0   _printf_percent.o
         4          0          0          0          0          0   _printf_percent_end.o
         6          0          0          0          0          0   _printf_s.o
        82          0          0          0          0         80   _printf_str.o
         6          0          0          0          0          0   _printf_x.o
        18          0          0          0          0         80   exit.o
         8          0          0          0          0         68   ferror.o
         6          0          0          0          0        152   heapauxi.o
         2          0          0          0          0          0   libinit.o
         2          0          0          0          0          0   libinit2.o
         2          0          0          0          0          0   libshutdown.o
         2          0          0          0          0          0   libshutdown2.o
         8          4          0          0         96         68   libspace.o
        88          0          0          0          0         76   memcmp.o
        24          4          0          0          0         84   noretval__2printf.o
       138          0          0          0          0         68   rt_memcpy_v6.o
       100          0          0          0          0         80   rt_memcpy_w.o
         2          0          0          0          0          0   rtexit.o
        10          0          0          0          0          0   rtexit2.o
        74          0          0          0          0         80   sys_stackheap_outer.o
         2          0          0          0          0         68   use_no_semi.o
         2          0          0          0          0         68   use_no_semi_2.o

    ----------------------------------------------------------------------
      1412         46         42          0         96       1676   Library Totals
         6          0          2          0          0          0   (incl. Padding)

    ----------------------------------------------------------------------

      Code (inc. data)   RO Data    RW Data    ZI Data      Debug   Library Name

      1406         46         40          0         96       1676   c_w.l

    ----------------------------------------------------------------------
      1412         46         42          0         96       1676   Library Totals

    ----------------------------------------------------------------------

==============================================================================


      Code (inc. data)   RO Data    RW Data    ZI Data      Debug   

     36228       1114        576       1424       2024     419153   Grand Totals
     36228       1114        576        400       2024     419153   ELF Image Totals (compressed)
     36228       1114        576        400          0          0   ROM Totals

==============================================================================

    Total RO  Size (Code + RO Data)                36804 (  35.94kB)
    Total RW  Size (RW Data + ZI Data)              3448 (   3.37kB)
    Total ROM Size (Code + RO Data + RW Data)      37204 (  36.33kB)

==============================================================================

